Archive member included to satisfy reference by file (symbol)

/usr/lib/x86_64-linux-gnu/libc_nonshared.a(pthread_atfork.oS)
                              /tmp/tmp.wjamLQD2s1.o (pthread_atfork)

Merging program properties

Removed property 0xc0000002 to merge /lib/x86_64-linux-gnu/crti.o (0x3) and /tmp/tmp.GMOMrzxF1p.o (not found)
Removed property 0xc0000002 to merge /lib/x86_64-linux-gnu/crti.o (not found) and /usr/lib/x86_64-linux-gnu/libc_nonshared.a(pthread_atfork.oS) (0x3)
Removed property 0xc0000002 to merge /lib/x86_64-linux-gnu/crti.o (not found) and /usr/lib/gcc/x86_64-linux-gnu/13/crtendS.o (0x3)
Removed property 0xc0000002 to merge /lib/x86_64-linux-gnu/crti.o (not found) and /lib/x86_64-linux-gnu/crtn.o (0x3)

As-needed library included to satisfy reference by file (symbol)

libgcc_s.so.1                 /tmp/tmp.or4y9nXxwc.o (_Unwind_GetLanguageSpecificData@@GCC_3.0)
ld-linux-x86-64.so.2          /tmp/tmp.GMOMrzxF1p.o (__tls_get_addr@@GLIBC_2.3)

Discarded input sections

 .text          0x0000000000000000        0x0 /lib/x86_64-linux-gnu/crti.o
 .data          0x0000000000000000        0x0 /lib/x86_64-linux-gnu/crti.o
 .bss           0x0000000000000000        0x0 /lib/x86_64-linux-gnu/crti.o
 .note.gnu.property
                0x0000000000000000       0x20 /lib/x86_64-linux-gnu/crti.o
 .note.GNU-stack
                0x0000000000000000        0x0 /lib/x86_64-linux-gnu/crti.o
 .data          0x0000000000000000        0x0 /usr/lib/gcc/x86_64-linux-gnu/13/crtbeginS.o
 .note.GNU-stack
                0x0000000000000000        0x0 /usr/lib/gcc/x86_64-linux-gnu/13/crtbeginS.o
 .note.gnu.property
                0x0000000000000000       0x20 /usr/lib/gcc/x86_64-linux-gnu/13/crtbeginS.o
 .text          0x0000000000000000      0x2db /tmp/tmp.GMOMrzxF1p.o
 .llvmbc        0x0000000000000000     0x3e94 /tmp/tmp.GMOMrzxF1p.o
 .llvmcmd       0x0000000000000000        0x0 /tmp/tmp.GMOMrzxF1p.o
 .rodata.cst16  0x0000000000000000       0x10 /tmp/tmp.GMOMrzxF1p.o
 .data.rel.ro   0x0000000000000000       0x20 /tmp/tmp.GMOMrzxF1p.o
 .rodata        0x0000000000000000       0x8c /tmp/tmp.GMOMrzxF1p.o
 .rodata.cst32  0x0000000000000000       0x20 /tmp/tmp.GMOMrzxF1p.o
 .note.GNU-stack
                0x0000000000000000        0x0 /tmp/tmp.GMOMrzxF1p.o
 .text          0x0000000000000000        0x0 /tmp/tmp.QL8F09PIED.o
 .llvmbc        0x0000000000000000      0x920 /tmp/tmp.QL8F09PIED.o
 .llvmcmd       0x0000000000000000        0x0 /tmp/tmp.QL8F09PIED.o
 .comment       0x0000000000000000       0x35 /tmp/tmp.QL8F09PIED.o
 .note.GNU-stack
                0x0000000000000000        0x0 /tmp/tmp.QL8F09PIED.o
 .text          0x0000000000000000        0x0 /tmp/tmp.gjBLHRohBj.o
 .llvmbc        0x0000000000000000      0x9a8 /tmp/tmp.gjBLHRohBj.o
 .llvmcmd       0x0000000000000000        0x0 /tmp/tmp.gjBLHRohBj.o
 .comment       0x0000000000000000       0x35 /tmp/tmp.gjBLHRohBj.o
 .note.GNU-stack
                0x0000000000000000        0x0 /tmp/tmp.gjBLHRohBj.o
 .text          0x0000000000000000        0x0 /tmp/tmp.w5G8GiPsZ9.o
 .llvmbc        0x0000000000000000      0x91c /tmp/tmp.w5G8GiPsZ9.o
 .llvmcmd       0x0000000000000000        0x0 /tmp/tmp.w5G8GiPsZ9.o
 .comment       0x0000000000000000       0x35 /tmp/tmp.w5G8GiPsZ9.o
 .note.GNU-stack
                0x0000000000000000        0x0 /tmp/tmp.w5G8GiPsZ9.o
 .text          0x0000000000000000      0x168 /tmp/tmp.LOJRH6UxLX.o
 .llvmbc        0x0000000000000000     0x1c20 /tmp/tmp.LOJRH6UxLX.o
 .llvmcmd       0x0000000000000000        0x0 /tmp/tmp.LOJRH6UxLX.o
 .note.GNU-stack
                0x0000000000000000        0x0 /tmp/tmp.LOJRH6UxLX.o
 .text          0x0000000000000000        0x0 /tmp/tmp.4MUYKXPfmb.o
 .llvmbc        0x0000000000000000      0x904 /tmp/tmp.4MUYKXPfmb.o
 .llvmcmd       0x0000000000000000        0x0 /tmp/tmp.4MUYKXPfmb.o
 .comment       0x0000000000000000       0x35 /tmp/tmp.4MUYKXPfmb.o
 .note.GNU-stack
                0x0000000000000000        0x0 /tmp/tmp.4MUYKXPfmb.o
 .llvmbc        0x0000000000000000     0x6118 /tmp/tmp.zZM9bd6CPt.o
 .llvmcmd       0x0000000000000000        0x0 /tmp/tmp.zZM9bd6CPt.o
 .group         0x0000000000000000        0xc /tmp/tmp.zZM9bd6CPt.o
 .note.GNU-stack
                0x0000000000000000        0x0 /tmp/tmp.zZM9bd6CPt.o
 .llvmbc        0x0000000000000000     0x73d4 /tmp/tmp.Znk29QkyUu.o
 .llvmcmd       0x0000000000000000        0x0 /tmp/tmp.Znk29QkyUu.o
 .note.GNU-stack
                0x0000000000000000        0x0 /tmp/tmp.Znk29QkyUu.o
 .text          0x0000000000000000        0x0 /tmp/tmp.jEhleoxgh3.o
 .llvmbc        0x0000000000000000      0x908 /tmp/tmp.jEhleoxgh3.o
 .llvmcmd       0x0000000000000000        0x0 /tmp/tmp.jEhleoxgh3.o
 .comment       0x0000000000000000       0x35 /tmp/tmp.jEhleoxgh3.o
 .note.GNU-stack
                0x0000000000000000        0x0 /tmp/tmp.jEhleoxgh3.o
 .text          0x0000000000000000      0x1d3 /tmp/tmp.1tSuXnvi1I.o
[...]
Memory Configuration

Name             Origin             Length             Attributes
*default*        0x0000000000000000 0xffffffffffffffff

Linker script and memory map

LOAD /lib/x86_64-linux-gnu/crti.o
LOAD /usr/lib/gcc/x86_64-linux-gnu/13/crtbeginS.o
LOAD /tmp/tmp.GMOMrzxF1p.o
LOAD /tmp/tmp.QL8F09PIED.o
LOAD /tmp/tmp.gjBLHRohBj.o
LOAD /tmp/tmp.w5G8GiPsZ9.o
LOAD /tmp/tmp.LOJRH6UxLX.o
LOAD /tmp/tmp.4MUYKXPfmb.o
LOAD /tmp/tmp.zZM9bd6CPt.o
LOAD /tmp/tmp.Znk29QkyUu.o
LOAD /tmp/tmp.jEhleoxgh3.o
LOAD /tmp/tmp.1tSuXnvi1I.o
LOAD /tmp/tmp.a8eOylNo5m.o
LOAD /tmp/tmp.H6qp3Q9aW3.o
LOAD /tmp/tmp.dt828z6FjZ.o
LOAD /tmp/tmp.WVMSMlVh0L.o
LOAD /tmp/tmp.sWQh4FdL1Q.o
LOAD /tmp/tmp.MLyUb3tuJb.o
LOAD /tmp/tmp.NSK6x2bDzy.o
LOAD /tmp/tmp.lu71rfjrW3.o
LOAD /tmp/tmp.nCsEQROc5h.o
LOAD /tmp/tmp.lrheZ2O73l.o
LOAD /tmp/tmp.RraiKKN0ZA.o
LOAD /tmp/tmp.vhGxwjVAvI.o
LOAD /tmp/tmp.4RiPgosekC.o
LOAD /tmp/tmp.HciVbrEAEX.o
LOAD /tmp/tmp.YgARiGbVgh.o
LOAD /tmp/tmp.WoN6Liu1KG.o
LOAD /tmp/tmp.xgCYQ9muNQ.o
LOAD /tmp/tmp.aaK8IxCeMu.o
LOAD /tmp/tmp.3SEsMPAxtp.o
LOAD /tmp/tmp.uz1i2YK1Tk.o
LOAD /tmp/tmp.wjamLQD2s1.o
LOAD /tmp/tmp.YvVqJh4BXA.o
LOAD /tmp/tmp.ECtfmpikA8.o
LOAD /tmp/tmp.K67ehHob3s.o
LOAD /tmp/tmp.TU0s5JUsgG.o
LOAD /tmp/tmp.O2EeZo6nEM.o
LOAD /tmp/tmp.q1c8yUKwc0.o
LOAD /tmp/tmp.t2q8FPpT0L.o
LOAD /tmp/tmp.YvzB9xe983.o
LOAD /tmp/tmp.25Qtf2TdQO.o
LOAD /tmp/tmp.GbugDiLolb.o
LOAD /tmp/tmp.zX52BkNrCP.o
LOAD /tmp/tmp.PnQCGvZXUv.o
LOAD /tmp/tmp.U2j2xnk0GT.o
LOAD /tmp/tmp.igx7wuE1w3.o
LOAD /tmp/tmp.R7xumlQY2c.o
LOAD /tmp/tmp.Gb2BNCn6T3.o
LOAD /tmp/tmp.dmGXrENvKr.o
LOAD /tmp/tmp.VQmMGGAjX6.o
LOAD /tmp/tmp.e7fDCzQSmg.o
LOAD /tmp/tmp.lM0e4lXEaG.o
LOAD /tmp/tmp.oDuLzHwiyQ.o
LOAD /tmp/tmp.qUeyAsNksz.o
LOAD /tmp/tmp.gJXNC6myIq.o
LOAD /tmp/tmp.or4y9nXxwc.o
LOAD /tmp/tmp.zDlPlz9bSP.o
LOAD /lib/x86_64-linux-gnu/libm.so
START GROUP
LOAD /lib/x86_64-linux-gnu/libm.so.6
LOAD /lib/x86_64-linux-gnu/libmvec.so.1
END GROUP
LOAD /root/.rustup/toolchains/nightly-2025-02-10-x86_64-unknown-linux-gnu/lib/rustlib/x86_64-unknown-linux-gnu/lib/libstd.so
LOAD /usr/lib/gcc/x86_64-linux-gnu/13/libgcc.a
LOAD /usr/lib/gcc/x86_64-linux-gnu/13/libgcc_s.so
START GROUP
LOAD /lib/x86_64-linux-gnu/libgcc_s.so.1
LOAD /usr/lib/gcc/x86_64-linux-gnu/13/libgcc.a
END GROUP
LOAD /lib/x86_64-linux-gnu/libc.so
START GROUP
LOAD /lib/x86_64-linux-gnu/libc.so.6
LOAD /usr/lib/x86_64-linux-gnu/libc_nonshared.a
LOAD /lib64/ld-linux-x86-64.so.2
END GROUP
LOAD /usr/lib/gcc/x86_64-linux-gnu/13/libgcc.a
LOAD /usr/lib/gcc/x86_64-linux-gnu/13/libgcc_s.so
START GROUP
LOAD /lib/x86_64-linux-gnu/libgcc_s.so.1
LOAD /usr/lib/gcc/x86_64-linux-gnu/13/libgcc.a
END GROUP
LOAD /usr/lib/gcc/x86_64-linux-gnu/13/crtendS.o
LOAD /lib/x86_64-linux-gnu/crtn.o
                0x0000000000000238                . = (SEGMENT_START ("text-segment", 0x0) + SIZEOF_HEADERS)

.note.gnu.build-id
 *(.note.gnu.build-id)

.hash
 *(.hash)

.gnu.hash       0x0000000000000238       0x40
 *(.gnu.hash)
 .gnu.hash      0x0000000000000238       0x40 /lib/x86_64-linux-gnu/crti.o

.dynsym         0x0000000000000278     0x1278
 *(.dynsym)
 .dynsym        0x0000000000000278     0x1278 /lib/x86_64-linux-gnu/crti.o

.dynstr         0x00000000000014f0      0xa5f
 *(.dynstr)
 .dynstr        0x00000000000014f0      0xa5f /lib/x86_64-linux-gnu/crti.o

.gnu.version    0x0000000000001f50      0x18a
 *(.gnu.version)
 .gnu.version   0x0000000000001f50      0x18a /lib/x86_64-linux-gnu/crti.o

.gnu.version_d  0x00000000000020e0        0x0
 *(.gnu.version_d)
 .gnu.version_d
                0x00000000000020e0        0x0 /lib/x86_64-linux-gnu/crti.o

.gnu.version_r  0x00000000000020e0      0x210
 *(.gnu.version_r)
 .gnu.version_r
                0x00000000000020e0      0x210 /lib/x86_64-linux-gnu/crti.o

.rela.dyn       0x00000000000022f0    0x1a6e8
 *(.rela.init)
 *(.rela.text .rela.text.* .rela.gnu.linkonce.t.*)
 .rela.text     0x00000000000022f0        0x0 /lib/x86_64-linux-gnu/crti.o
 *(.rela.fini)
 *(.rela.rodata .rela.rodata.* .rela.gnu.linkonce.r.*)
 *(.rela.data .rela.data.* .rela.gnu.linkonce.d.*)
 .rela.data.rel.local
                0x00000000000022f0       0x18 /lib/x86_64-linux-gnu/crti.o
 .rela.data.DW.ref.rust_eh_personality
                0x0000000000002308       0x18 /lib/x86_64-linux-gnu/crti.o
 .rela.data.rel.ro
                0x0000000000002320    0x19398 /lib/x86_64-linux-gnu/crti.o
 .rela.data     0x000000000001b6b8       0x30 /lib/x86_64-linux-gnu/crti.o
 *(.rela.tdata .rela.tdata.* .rela.gnu.linkonce.td.*)
 *(.rela.tbss .rela.tbss.* .rela.gnu.linkonce.tb.*)
 *(.rela.ctors)
 *(.rela.dtors)
 *(.rela.got)
 .rela.got      0x000000000001b6e8     0x12a8 /lib/x86_64-linux-gnu/crti.o
 *(.rela.bss .rela.bss.* .rela.gnu.linkonce.b.*)
 *(.rela.ldata .rela.ldata.* .rela.gnu.linkonce.l.*)
 *(.rela.lbss .rela.lbss.* .rela.gnu.linkonce.lb.*)
 *(.rela.lrodata .rela.lrodata.* .rela.gnu.linkonce.lr.*)
 *(.rela.ifunc)
 .rela.ifunc    0x000000000001c990        0x0 /lib/x86_64-linux-gnu/crti.o
 .rela.fini_array
                0x000000000001c990       0x18 /lib/x86_64-linux-gnu/crti.o
 .rela.init_array
                0x000000000001c9a8       0x18 /lib/x86_64-linux-gnu/crti.o
 .rela.eh_frame
                0x000000000001c9c0        0x0 /lib/x86_64-linux-gnu/crti.o
 .rela.init_array.00099
                0x000000000001c9c0       0x18 /lib/x86_64-linux-gnu/crti.o

.rela.plt       0x000000000001c9d8       0x48
 *(.rela.plt)
 .rela.plt      0x000000000001c9d8       0x48 /lib/x86_64-linux-gnu/crti.o
 *(.rela.iplt)

.relr.dyn
 *(.relr.dyn)
                0x000000000001d000                . = ALIGN (CONSTANT (MAXPAGESIZE))

.init           0x000000000001d000       0x1b
 *(SORT_NONE(.init))
 .init          0x000000000001d000       0x16 /lib/x86_64-linux-gnu/crti.o
                0x000000000001d000                _init
 .init          0x000000000001d016        0x5 /lib/x86_64-linux-gnu/crtn.o

.plt            0x000000000001d020       0x40
 *(.plt)
 .plt           0x000000000001d020       0x40 /lib/x86_64-linux-gnu/crti.o
 *(.iplt)

.plt.got        0x000000000001d060       0x10
 *(.plt.got)
 .plt.got       0x000000000001d060       0x10 /lib/x86_64-linux-gnu/crti.o

.plt.sec
 *(.plt.sec)

.text           0x000000000001d070   0x4dbf00
 *(.text.unlikely .text.*_unlikely .text.unlikely.*)
 .text.unlikely.
                0x000000000001d070      0x883 /tmp/tmp.4RiPgosekC.o
                0x000000000001d070                std_detect::detect::cache::detect_and_initialize
 *fill*         0x000000000001d8f3        0xd 
 .text.unlikely.
                0x000000000001d900      0x7f4 /tmp/tmp.wjamLQD2s1.o
 *fill*         0x000000000001e0f4        0xc 
 .text.unlikely.
                0x000000000001e100      0xe89 /tmp/tmp.q1c8yUKwc0.o
                0x000000000001ecb0                anyhow::error::<impl anyhow::Error>::chain
                0x000000000001ed20                anyhow::error::<impl core::convert::From<anyhow::Error> for alloc::boxed::Box<dyn core::error::Error+core::marker::Sync+core::marker::Send>>::from
                0x000000000001ed80                anyhow::kind::Boxed::new
 *fill*         0x000000000001ef89        0x7 
 .text.unlikely.
                0x000000000001ef90     0x1609 /tmp/tmp.GbugDiLolb.o
 *fill*         0x0000000000020599        0x7 
 .text.unlikely.
                0x00000000000205a0      0x920 /tmp/tmp.zX52BkNrCP.o
                0x00000000000205a0                core::panicking::assert_failed
                0x0000000000020b5b                alloc::raw_vec::handle_error
                0x0000000000020c05                alloc::alloc::handle_alloc_error
                0x0000000000020c4c                alloc::vec::Vec<T,A>::swap_remove::assert_failed
                0x0000000000020ce9                alloc::vec::Vec<T,A>::insert::assert_failed
                0x0000000000020d86                alloc::vec::Vec<T,A>::remove::assert_failed
                0x0000000000020e23                alloc::vec::Vec<T,A>::split_off::assert_failed
 .text.unlikely.
                0x0000000000020ec0     0x176c /tmp/tmp.U2j2xnk0GT.o
                0x0000000000021830                hashbrown::raw::RawTable<T,A>::reserve_rehash
 *fill*         0x000000000002262c        0x4 
 .text.unlikely.
                0x0000000000022630     0x21f9 /tmp/tmp.e7fDCzQSmg.o
                0x00000000000231a0                serde_json::de::Deserializer<R>::parse_long_integer
                0x00000000000236e0                serde_json::de::Deserializer<R>::parse_decimal_overflow
                0x0000000000023ba0                serde_json::de::Deserializer<R>::parse_exponent_overflow
                0x0000000000023db0                serde_json::error::Error::syntax
                0x0000000000023f10                serde_json::error::Error::io
                0x00000000000244c0                <serde_json::error::Error as serde::de::Error>::invalid_type
                0x00000000000245a0                <serde_json::error::Error as serde::de::Error>::invalid_value
                0x0000000000024700                serde_json::value::de::<impl serde_json::value::Value>::unexpected
 *fill*         0x0000000000024829        0x7 
 .text.unlikely.
                0x0000000000024830     0x1c3a /tmp/tmp.qUeyAsNksz.o
                0x0000000000024830                core::num::int_log10::panic_for_nonpositive_argument
                0x00000000000248a0                core::num::int_sqrt::panic_for_negative_argument
                0x0000000000024910                core::num::overflow_panic::add
                0x0000000000024980                core::num::overflow_panic::sub
                0x00000000000249f0                core::num::overflow_panic::mul
                0x0000000000024a60                core::num::overflow_panic::div
                0x0000000000024ad0                core::num::overflow_panic::rem
                0x0000000000024b40                core::num::overflow_panic::neg
                0x0000000000024bb0                core::num::overflow_panic::shr
                0x0000000000024c20                core::num::overflow_panic::shl
                0x0000000000024c90                core::num::from_ascii_radix_panic
                0x0000000000024ce0                core::cell::lazy::panic_poisoned
                0x0000000000024d50                core::cell::panic_already_borrowed
                0x0000000000024de0                core::cell::panic_already_mutably_borrowed
                0x0000000000024e70                core::option::unwrap_failed
                0x0000000000024ec0                core::option::expect_failed
                0x0000000000024f60                core::panicking::panic_fmt
                0x0000000000024fc0                core::panicking::panic_nounwind_fmt
                0x0000000000025080                core::panicking::panic
                0x0000000000025100                core::panicking::panic_nounwind
                0x0000000000025180                core::panicking::panic_nounwind_nobacktrace
                0x0000000000025210                core::panicking::panic_explicit
                0x000000000002529d                core::panicking::panic_bounds_check
                0x0000000000025335                core::panicking::panic_misaligned_pointer_dereference
                0x0000000000025413                core::panicking::panic_null_pointer_dereference
                0x000000000002547b                core::panicking::panic_cannot_unwind
                0x00000000000254bd                core::panicking::panic_in_cleanup
                0x00000000000254ff                core::panicking::assert_failed
                0x0000000000025573                core::panicking::assert_failed
                0x00000000000255e7                core::panicking::assert_failed_inner
                0x0000000000025820                core::result::unwrap_failed
                0x00000000000258f0                core::slice::sort::shared::smallsort::panic_on_ord_violation
                0x0000000000025960                core::slice::index::slice_start_index_len_fail
                0x00000000000259b0                core::slice::index::slice_end_index_len_fail
                0x0000000000025a00                core::slice::index::slice_index_order_fail
                0x0000000000025a50                core::slice::index::slice_start_index_overflow_fail
                0x0000000000025ac0                core::slice::index::slice_end_index_overflow_fail
                0x0000000000025b30                core::slice::<impl [T]>::copy_from_slice::len_mismatch_fail
                0x0000000000025b80                core::str::traits::str_index_overflow_fail
                0x0000000000025bf0                core::str::slice_error_fail
                0x0000000000025c50                core::intrinsics::mir::Offset::panic_cold_explicit
                0x0000000000025c50                core::intrinsics::mir::PtrMetadata::panic_cold_explicit
                0x0000000000025c50                core::intrinsics::mir::UnwindResume::panic_cold_explicit
                0x0000000000025c50                core::intrinsics::mir::Retag::panic_cold_explicit
                0x0000000000025c50                core::intrinsics::mir::Checked::panic_cold_explicit
                0x0000000000025c50                core::intrinsics::mir::Call::panic_cold_explicit
                0x0000000000025c50                core::intrinsics::mir::CastPtrToPtr::panic_cold_explicit
                0x0000000000025c50                core::intrinsics::mir::CastTransmute::panic_cold_explicit
                0x0000000000025c50                core::intrinsics::mir::UnwindUnreachable::panic_cold_explicit
                0x0000000000025c50                core::intrinsics::mir::Drop::panic_cold_explicit
                0x0000000000025c50                core::intrinsics::mir::StorageDead::panic_cold_explicit
                0x0000000000025c50                core::intrinsics::mir::Assume::panic_cold_explicit
                0x0000000000025c50                core::intrinsics::mir::StorageLive::panic_cold_explicit
                0x0000000000025c50                core::intrinsics::mir::Variant::panic_cold_explicit
                0x0000000000025c50                core::intrinsics::mir::__debuginfo::panic_cold_explicit
                0x0000000000025c50                core::intrinsics::mir::Unreachable::panic_cold_explicit
                0x0000000000025c50                core::intrinsics::mir::Move::panic_cold_explicit
                0x0000000000025c50                core::intrinsics::mir::SetDiscriminant::panic_cold_explicit
                0x0000000000025c50                core::intrinsics::mir::Deinit::panic_cold_explicit
                0x0000000000025c50                core::intrinsics::mir::TailCall::panic_cold_explicit
                0x0000000000025c50                core::intrinsics::mir::Return::panic_cold_explicit
                0x0000000000025c50                core::intrinsics::mir::CopyForDeref::panic_cold_explicit
                0x0000000000025c50                core::intrinsics::mir::Len::panic_cold_explicit
                0x0000000000025c50                core::intrinsics::mir::Static::panic_cold_explicit
                0x0000000000025c50                core::intrinsics::mir::Goto::panic_cold_explicit
                0x0000000000025c50                core::intrinsics::mir::__internal_make_place::panic_cold_explicit
                0x0000000000025c50                core::intrinsics::mir::UnwindCleanup::panic_cold_explicit
                0x0000000000025c50                core::intrinsics::mir::Field::panic_cold_explicit
                0x0000000000025c50                core::intrinsics::mir::UnwindContinue::panic_cold_explicit
                0x0000000000025c50                core::intrinsics::mir::StaticMut::panic_cold_explicit
                0x0000000000025c50                core::intrinsics::mir::UnwindTerminate::panic_cold_explicit
                0x0000000000025c50                core::intrinsics::mir::ReturnTo::panic_cold_explicit
                0x0000000000025c50                core::intrinsics::mir::Discriminant::panic_cold_explicit
                0x0000000000025c90                core::panicking::panic_const::panic_const_add_overflow
                0x0000000000025d00                core::panicking::panic_const::panic_const_sub_overflow
                0x0000000000025d70                core::panicking::panic_const::panic_const_mul_overflow
                0x0000000000025de0                core::panicking::panic_const::panic_const_div_overflow
                0x0000000000025e50                core::panicking::panic_const::panic_const_rem_overflow
                0x0000000000025ec0                core::panicking::panic_const::panic_const_neg_overflow
                0x0000000000025f30                core::panicking::panic_const::panic_const_shr_overflow
                0x0000000000025fa0                core::panicking::panic_const::panic_const_shl_overflow
                0x0000000000026010                core::panicking::panic_const::panic_const_div_by_zero
                0x0000000000026080                core::panicking::panic_const::panic_const_rem_by_zero
                0x00000000000260f0                core::panicking::panic_const::panic_const_coroutine_resumed
                0x0000000000026160                core::panicking::panic_const::panic_const_async_fn_resumed
                0x00000000000261d0                core::panicking::panic_const::panic_const_async_gen_fn_resumed
                0x0000000000026240                core::panicking::panic_const::panic_const_gen_fn_none
                0x00000000000262b0                core::panicking::panic_const::panic_const_coroutine_resumed_panic
                0x0000000000026320                core::panicking::panic_const::panic_const_async_fn_resumed_panic
                0x0000000000026390                core::panicking::panic_const::panic_const_async_gen_fn_resumed_panic
                0x0000000000026400                core::panicking::panic_const::panic_const_gen_fn_none_panic
 *fill*         0x000000000002646a        0x6 
 .text.unlikely.
                0x0000000000026470     0x516a /tmp/tmp.or4y9nXxwc.o
                0x00000000000264be                core::panicking::assert_failed
                0x0000000000026532                core::panicking::assert_failed
                0x00000000000265a6                core::panicking::assert_failed
                0x0000000000026ff0                std::thread::local::panic_access_error
                0x00000000000270f0                std::io::buffered::bufwriter::BufWriter<W>::write_cold
                0x0000000000027340                std::io::buffered::bufwriter::BufWriter<W>::write_all_cold
                0x0000000000027730                std::process::abort
                0x0000000000027770                std::sync::mpmc::context::Context::new
                0x0000000000027bb0                std::sync::lazy_lock::panic_poisoned
                0x00000000000294c0                std::panicking::panic_count::is_zero_slow_path
                0x0000000000029513                std::panicking::try::cleanup
                0x0000000000029593                std::panicking::begin_panic
                0x00000000000296d0                std::sys::sync::mutex::futex::Mutex::lock_contended
                0x0000000000029a60                std::sys::sync::mutex::futex::Mutex::wake
                0x000000000002a020                std::sys::sync::once::futex::Once::call
                0x000000000002a7c0                std::sys::sync::rwlock::futex::RwLock::read_contended
                0x000000000002ac90                std::sys::sync::rwlock::futex::RwLock::write_contended
                0x000000000002b0d0                std::sys::sync::rwlock::futex::RwLock::wake_writer_or_readers
 *fill*         0x000000000002b5da        0x6 
 .text.unlikely.
                0x000000000002b5e0      0xf49 /tmp/tmp.zDlPlz9bSP.o
 *(.text.exit .text.exit.*)
 *(.text.startup .text.startup.*)
 *(.text.hot .text.hot.*)
 *(SORT_BY_NAME(.text.sorted.*))
 *(.text .stub .text.* .gnu.linkonce.t.*)
 *fill*         0x000000000002c529        0x7 
 .text          0x000000000002c530       0xb9 /usr/lib/gcc/x86_64-linux-gnu/13/crtbeginS.o
 *fill*         0x000000000002c5e9        0x7 
 .text          0x000000000002c5f0      0x6f7 /tmp/tmp.zZM9bd6CPt.o
                0x000000000002c990                __rust_panic_cleanup
                0x000000000002cb00                __rust_start_panic
 *fill*         0x000000000002cce7        0x9 
 .text          0x000000000002ccf0      0x64f /tmp/tmp.Znk29QkyUu.o
                0x000000000002ce20                <hashbrown::control::tag::Tag as core::fmt::Debug>::fmt
                0x000000000002cf90                hashbrown::raw::Fallibility::capacity_overflow
                0x000000000002d010                hashbrown::raw::Fallibility::alloc_err
                0x000000000002d070                hashbrown::raw::RawIterHashInner::new
                0x000000000002d110                <hashbrown::raw::RawIterHashInner as core::iter::traits::iterator::Iterator>::next
 *fill*         0x000000000002d33f        0x1 
 .text          0x000000000002d340      0x4cb /tmp/tmp.4RiPgosekC.o
                0x000000000002d390                std_detect::detect::arch::x86::Feature::to_str
 *fill*         0x000000000002d80b        0x5 
 .text          0x000000000002d810     0x18b7 /tmp/tmp.HciVbrEAEX.o
                0x000000000002d810                std::io::error::Error::new
                0x000000000002dc50                <getrandom::error::Error as core::fmt::Debug>::fmt
                0x000000000002e1a0                <getrandom::error::Error as core::fmt::Display>::fmt
                0x000000000002e6e0                getrandom::error_impls::<impl core::convert::From<getrandom::error::Error> for std::io::error::Error>::from
                0x000000000002e7c0                getrandom::imp::getrandom_inner
 *fill*         0x000000000002f0c7        0x9 
 .text          0x000000000002f0d0     0x1394 /tmp/tmp.WoN6Liu1KG.o
                0x000000000002f0d0                std::io::error::Error::new
                0x000000000002f600                <rand_core::error::Error as core::fmt::Debug>::fmt
                0x000000000002f6b0                <rand_core::error::Error as core::fmt::Display>::fmt
                0x000000000002f7c0                <rand_core::error::ErrorCode as core::fmt::Display>::fmt
                0x000000000002f870                rand_core::impls::fill_via_u32_chunks
                0x000000000002f9e0                rand_core::impls::fill_via_u64_chunks
                0x000000000002fb50                <rand_core::os::OsRng as rand_core::RngCore>::next_u32
                0x000000000002fbb0                <rand_core::os::OsRng as rand_core::RngCore>::next_u64
                0x000000000002fc20                <rand_core::os::OsRng as rand_core::RngCore>::fill_bytes
                0x000000000002fe50                <rand_core::os::OsRng as rand_core::RngCore>::try_fill_bytes
                0x000000000002ffb0                rand_core::SeedableRng::seed_from_u64::pcg32
                0x0000000000030030                <dyn rand_core::RngCore as std::io::Read>::read
 *fill*         0x0000000000030464        0xc 
 .text          0x0000000000030470     0x3938 /tmp/tmp.3SEsMPAxtp.o
                0x00000000000307c0                ryu::pretty::format64
                0x0000000000031fa0                ryu::pretty::format32
 *fill*         0x0000000000033da8        0x8 
 .text          0x0000000000033db0     0x3b1d /tmp/tmp.uz1i2YK1Tk.o
                0x0000000000033fd0                <serde::de::value::Error as core::fmt::Debug>::fmt
                0x0000000000034060                <serde::de::value::ExpectedInSeq as serde::de::Expected>::fmt
                0x0000000000034190                <serde::de::value::ExpectedInMap as serde::de::Expected>::fmt
                0x00000000000342c0                serde::de::format::Buf::as_str
                0x0000000000034360                <serde::de::format::Buf as core::fmt::Write>::write_str
                0x0000000000034490                <serde::de::ignored_any::IgnoredAny as serde::de::Visitor>::expecting
                0x00000000000344f0                <serde::de::impls::UnitVisitor as serde::de::Visitor>::expecting
                0x0000000000034550                <serde::de::impls::BoolVisitor as serde::de::Visitor>::expecting
                0x00000000000345b0                <serde::de::impls::CharVisitor as serde::de::Visitor>::expecting
                0x0000000000034610                <serde::de::impls::StringVisitor as serde::de::Visitor>::expecting
                0x0000000000034610                <serde::__private::de::borrow_cow_str::CowStrVisitor as serde::de::Visitor>::expecting
                0x0000000000034670                <serde::de::impls::StringInPlaceVisitor as serde::de::Visitor>::expecting
                0x00000000000346d0                <serde::de::impls::StrVisitor as serde::de::Visitor>::expecting
                0x0000000000034730                <serde::de::impls::BytesVisitor as serde::de::Visitor>::expecting
                0x0000000000034790                <serde::de::impls::CStringVisitor as serde::de::Visitor>::expecting
                0x00000000000347f0                <serde::de::impls::PathVisitor as serde::de::Visitor>::expecting
                0x0000000000034850                <serde::de::impls::PathBufVisitor as serde::de::Visitor>::expecting
                0x00000000000348b0                <serde::de::impls::OsStringVisitor as serde::de::Visitor>::expecting
                0x0000000000034910                <<serde::de::impls::<impl serde::de::Deserialize for core::time::Duration>::deserialize::Field as serde::de::Deserialize>::deserialize::FieldVisitor as serde::de::Visitor>::expecting
                0x0000000000034970                <serde::de::impls::<impl serde::de::Deserialize for core::time::Duration>::deserialize::DurationVisitor as serde::de::Visitor>::expecting
                0x00000000000349d0                <<serde::de::impls::<impl serde::de::Deserialize for std::time::SystemTime>::deserialize::Field as serde::de::Deserialize>::deserialize::FieldVisitor as serde::de::Visitor>::expecting
                0x0000000000034a30                <serde::de::impls::<impl serde::de::Deserialize for std::time::SystemTime>::deserialize::DurationVisitor as serde::de::Visitor>::expecting
                0x0000000000034a90                <<serde::de::impls::range::Field as serde::de::Deserialize>::deserialize::FieldVisitor as serde::de::Visitor>::expecting
                0x0000000000034af0                <<serde::de::impls::range_from::Field as serde::de::Deserialize>::deserialize::FieldVisitor as serde::de::Visitor>::expecting
                0x0000000000034b50                <<serde::de::impls::range_to::Field as serde::de::Deserialize>::deserialize::FieldVisitor as serde::de::Visitor>::expecting
                0x0000000000034bb0                <<serde::de::impls::<impl serde::de::Deserialize for core::ops::range::Bound<T>>::deserialize::Field as serde::de::Deserialize>::deserialize::FieldVisitor as serde::de::Visitor>::expecting
                0x0000000000034c10                <<serde::de::impls::<impl serde::de::Deserialize for core::result::Result<T,E>>::deserialize::Field as serde::de::Deserialize>::deserialize::FieldVisitor as serde::de::Visitor>::expecting
                0x0000000000034c70                <serde::de::Unexpected as core::fmt::Display>::fmt
                0x0000000000035220                <&str as serde::de::Expected>::fmt
                0x0000000000035220                <serde::de::value::Error as core::fmt::Display>::fmt
                0x0000000000035280                <dyn serde::de::Expected as core::fmt::Display>::fmt
                0x00000000000352e0                <serde::de::OneOf as core::fmt::Display>::fmt
                0x0000000000035750                <serde::de::WithDecimalPoint as core::fmt::Display>::fmt
                0x00000000000358d0                <<serde::de::WithDecimalPoint as core::fmt::Display>::fmt::LookForDecimalPoint as core::fmt::Write>::write_str
                0x0000000000035a60                <<serde::de::WithDecimalPoint as core::fmt::Display>::fmt::LookForDecimalPoint as core::fmt::Write>::write_char
                0x0000000000035ac0                serde::ser::fmt::<impl serde::ser::Serializer for &mut core::fmt::Formatter>::serialize_unit_variant
                0x0000000000035b20                <serde::__private::de::borrow_cow_bytes::CowBytesVisitor as serde::de::Visitor>::expecting
                0x0000000000035b80                serde::__private::de::content::Content::as_str
                0x0000000000035cd0                <serde::__private::de::content::ContentVisitor as serde::de::Visitor>::expecting
                0x0000000000035d30                <serde::__private::de::content::TagOrContentVisitor as serde::de::Visitor>::expecting
                0x0000000000035de0                <serde::__private::de::content::TagOrContentFieldVisitor as serde::de::Visitor>::expecting
                0x0000000000035ea0                <serde::__private::de::content::TagContentOtherFieldVisitor as serde::de::Visitor>::expecting
                0x0000000000035f60                <serde::__private::de::content::UntaggedUnitVisitor as serde::de::Visitor>::expecting
                0x0000000000035f60                <serde::__private::de::content::InternallyTaggedUnitVisitor as serde::de::Visitor>::expecting
                0x0000000000036020                serde::__private::de::flat_map_take_entry
                0x0000000000036380                <serde::__private::ser::Unsupported as core::fmt::Display>::fmt
                0x00000000000366b0                <serde::__private::doc::Error as core::error::Error>::description
                0x0000000000036700                <serde::__private::doc::Error as core::fmt::Display>::fmt
                0x0000000000036750                serde::__private::string::from_utf8_lossy
                0x00000000000367b0                <serde::de::impls::<impl serde::de::Deserialize for core::num::nonzero::NonZero<i8>>::deserialize::NonZeroVisitor as serde::de::Visitor>::expecting
                0x0000000000036810                <serde::de::impls::<impl serde::de::Deserialize for i8>::deserialize::PrimitiveVisitor as serde::de::Visitor>::expecting
                0x0000000000036870                <serde::de::impls::<impl serde::de::Deserialize for core::num::nonzero::NonZero<i16>>::deserialize::NonZeroVisitor as serde::de::Visitor>::expecting
                0x00000000000368d0                <serde::de::impls::<impl serde::de::Deserialize for i16>::deserialize::PrimitiveVisitor as serde::de::Visitor>::expecting
                0x0000000000036930                <serde::de::impls::<impl serde::de::Deserialize for core::num::nonzero::NonZero<i32>>::deserialize::NonZeroVisitor as serde::de::Visitor>::expecting
                0x0000000000036990                <serde::de::impls::<impl serde::de::Deserialize for i32>::deserialize::PrimitiveVisitor as serde::de::Visitor>::expecting
                0x00000000000369f0                <serde::de::impls::<impl serde::de::Deserialize for core::num::nonzero::NonZero<i64>>::deserialize::NonZeroVisitor as serde::de::Visitor>::expecting
                0x0000000000036a50                <serde::de::impls::<impl serde::de::Deserialize for i64>::deserialize::PrimitiveVisitor as serde::de::Visitor>::expecting
                0x0000000000036ab0                <serde::de::impls::<impl serde::de::Deserialize for core::num::nonzero::NonZero<isize>>::deserialize::NonZeroVisitor as serde::de::Visitor>::expecting
                0x0000000000036b10                <serde::de::impls::<impl serde::de::Deserialize for isize>::deserialize::PrimitiveVisitor as serde::de::Visitor>::expecting
                0x0000000000036b70                <serde::de::impls::<impl serde::de::Deserialize for core::num::nonzero::NonZero<u8>>::deserialize::NonZeroVisitor as serde::de::Visitor>::expecting
                0x0000000000036bd0                <serde::de::impls::<impl serde::de::Deserialize for u8>::deserialize::PrimitiveVisitor as serde::de::Visitor>::expecting
                0x0000000000036c30                <serde::de::impls::<impl serde::de::Deserialize for core::num::nonzero::NonZero<u16>>::deserialize::NonZeroVisitor as serde::de::Visitor>::expecting
                0x0000000000036c90                <serde::de::impls::<impl serde::de::Deserialize for u16>::deserialize::PrimitiveVisitor as serde::de::Visitor>::expecting
                0x0000000000036cf0                <serde::de::impls::<impl serde::de::Deserialize for core::num::nonzero::NonZero<u32>>::deserialize::NonZeroVisitor as serde::de::Visitor>::expecting
                0x0000000000036d50                <serde::de::impls::<impl serde::de::Deserialize for u32>::deserialize::PrimitiveVisitor as serde::de::Visitor>::expecting
                0x0000000000036db0                <serde::de::impls::<impl serde::de::Deserialize for core::num::nonzero::NonZero<u64>>::deserialize::NonZeroVisitor as serde::de::Visitor>::expecting
                0x0000000000036e10                <serde::de::impls::<impl serde::de::Deserialize for u64>::deserialize::PrimitiveVisitor as serde::de::Visitor>::expecting
                0x0000000000036e70                <serde::de::impls::<impl serde::de::Deserialize for core::num::nonzero::NonZero<usize>>::deserialize::NonZeroVisitor as serde::de::Visitor>::expecting
                0x0000000000036ed0                <serde::de::impls::<impl serde::de::Deserialize for usize>::deserialize::PrimitiveVisitor as serde::de::Visitor>::expecting
                0x0000000000036f30                <serde::de::impls::<impl serde::de::Deserialize for f32>::deserialize::PrimitiveVisitor as serde::de::Visitor>::expecting
                0x0000000000036f90                <serde::de::impls::<impl serde::de::Deserialize for f64>::deserialize::PrimitiveVisitor as serde::de::Visitor>::expecting
                0x0000000000036ff0                <serde::de::impls::<impl serde::de::Deserialize for core::num::nonzero::NonZero<i128>>::deserialize::NonZeroVisitor as serde::de::Visitor>::expecting
                0x0000000000037050                <serde::de::impls::<impl serde::de::Deserialize for i128>::deserialize::PrimitiveVisitor as serde::de::Visitor>::expecting
                0x00000000000370b0                <serde::de::impls::<impl serde::de::Deserialize for core::num::nonzero::NonZero<u128>>::deserialize::NonZeroVisitor as serde::de::Visitor>::expecting
                0x0000000000037110                <serde::de::impls::<impl serde::de::Deserialize for u128>::deserialize::PrimitiveVisitor as serde::de::Visitor>::expecting
                0x0000000000037170                <serde::de::impls::<impl serde::de::Deserialize for core::net::ip_addr::IpAddr>::deserialize::EnumVisitor as serde::de::Visitor>::expecting
                0x00000000000371d0                <<serde::de::impls::<impl serde::de::Deserialize for core::net::ip_addr::IpAddr>::deserialize::IpAddrKind as serde::de::Deserialize>::deserialize::KindVisitor as serde::de::Visitor>::expecting
                0x00000000000371d0                <<serde::de::impls::<impl serde::de::Deserialize for core::net::socket_addr::SocketAddr>::deserialize::SocketAddrKind as serde::de::Deserialize>::deserialize::KindVisitor as serde::de::Visitor>::expecting
                0x0000000000037230                <serde::de::impls::<impl serde::de::Deserialize for core::net::socket_addr::SocketAddr>::deserialize::EnumVisitor as serde::de::Visitor>::expecting
                0x0000000000037290                <<serde::de::impls::OsStringKind as serde::de::Deserialize>::deserialize::KindVisitor as serde::de::Visitor>::expecting
                0x00000000000372f0                serde::ser::fmt::<impl serde::ser::Serializer for &mut core::fmt::Formatter>::serialize_bool
                0x0000000000037350                serde::ser::fmt::<impl serde::ser::Serializer for &mut core::fmt::Formatter>::serialize_i8
                0x00000000000373b0                serde::ser::fmt::<impl serde::ser::Serializer for &mut core::fmt::Formatter>::serialize_i16
                0x0000000000037410                serde::ser::fmt::<impl serde::ser::Serializer for &mut core::fmt::Formatter>::serialize_i32
                0x0000000000037470                serde::ser::fmt::<impl serde::ser::Serializer for &mut core::fmt::Formatter>::serialize_i64
                0x00000000000374d0                serde::ser::fmt::<impl serde::ser::Serializer for &mut core::fmt::Formatter>::serialize_i128
                0x0000000000037540                serde::ser::fmt::<impl serde::ser::Serializer for &mut core::fmt::Formatter>::serialize_u8
                0x00000000000375a0                serde::ser::fmt::<impl serde::ser::Serializer for &mut core::fmt::Formatter>::serialize_u16
                0x0000000000037600                serde::ser::fmt::<impl serde::ser::Serializer for &mut core::fmt::Formatter>::serialize_u32
                0x0000000000037660                serde::ser::fmt::<impl serde::ser::Serializer for &mut core::fmt::Formatter>::serialize_u64
                0x00000000000376c0                serde::ser::fmt::<impl serde::ser::Serializer for &mut core::fmt::Formatter>::serialize_u128
                0x0000000000037730                serde::ser::fmt::<impl serde::ser::Serializer for &mut core::fmt::Formatter>::serialize_f32
                0x00000000000377a0                serde::ser::fmt::<impl serde::ser::Serializer for &mut core::fmt::Formatter>::serialize_f64
                0x0000000000037810                serde::ser::fmt::<impl serde::ser::Serializer for &mut core::fmt::Formatter>::serialize_char
                0x0000000000037870                serde::ser::fmt::<impl serde::ser::Serializer for &mut core::fmt::Formatter>::serialize_str
                0x0000000000037870                serde::ser::fmt::<impl serde::ser::Serializer for &mut core::fmt::Formatter>::serialize_unit_struct
 *fill*         0x00000000000378cd        0x3 
 .text          0x00000000000378d0     0x17f0 /tmp/tmp.wjamLQD2s1.o
                0x0000000000037db0                alloc::rc::Rc<T,A>::drop_slow
                0x0000000000037e90                <rand::distributions::bernoulli::BernoulliError as core::fmt::Display>::fmt
                0x0000000000037ef0                <rand::distributions::slice::EmptySlice as core::fmt::Display>::fmt
                0x0000000000037f50                <rand::distributions::weighted_index::WeightedError as core::fmt::Display>::fmt
                0x0000000000037fd0                <rand::rngs::adapter::read::ReadError as core::fmt::Display>::fmt
                0x0000000000038080                rand::rngs::adapter::reseeding::ReseedingCore<R,Rsdr>::reseed_and_generate
                0x0000000000038350                rand::rngs::adapter::reseeding::fork::get_fork_counter
                0x00000000000383b0                rand::rngs::adapter::reseeding::fork::register_fork_handler
                0x0000000000038460                <rand::rngs::xoshiro256plusplus::Xoshiro256PlusPlus as rand_core::SeedableRng>::seed_from_u64
                0x00000000000386d0                rand::rngs::thread::thread_rng
                0x00000000000386d0                <rand::rngs::thread::ThreadRng as core::default::Default>::default
                0x00000000000387f0                <rand::rngs::thread::ThreadRng as rand_core::RngCore>::fill_bytes
                0x0000000000038ab0                <rand::rngs::thread::ThreadRng as rand_core::RngCore>::try_fill_bytes
                0x0000000000038d70                <rand::seq::index::IndexVec as core::cmp::PartialEq>::eq
 .text          0x00000000000390c0     0x6f1a /tmp/tmp.q1c8yUKwc0.o
                0x000000000003b7f0                alloc::raw_vec::RawVec<T,A>::grow_one
                0x000000000003ba90                anyhow::chain::<impl core::iter::traits::iterator::Iterator for anyhow::Chain>::next
                0x000000000003bbf0                anyhow::chain::<impl core::iter::traits::iterator::Iterator for anyhow::Chain>::size_hint
                0x000000000003bda0                anyhow::chain::<impl core::iter::traits::double_ended::DoubleEndedIterator for anyhow::Chain>::next_back
                0x000000000003c220                anyhow::chain::<impl core::iter::traits::exact_size::ExactSizeIterator for anyhow::Chain>::len
                0x000000000003c390                anyhow::chain::<impl core::default::Default for anyhow::Chain>::default
                0x000000000003c3f0                <anyhow::context::Quoted<&mut core::fmt::Formatter> as core::fmt::Write>::write_str
                0x000000000003c470                <anyhow::ensure::Buf as core::fmt::Write>::write_str
                0x000000000003c5d0                anyhow::ensure::render
                0x000000000003cce0                anyhow::error::<impl anyhow::Error>::backtrace
                0x000000000003ce10                anyhow::error::<impl anyhow::Error>::root_cause
                0x000000000003cf00                anyhow::error::<impl anyhow::Error>::provide
                0x000000000003d070                anyhow::error::<impl anyhow::Error>::thiserror_provide
                0x000000000003d1e0                anyhow::error::<impl core::ops::deref::Deref for anyhow::Error>::deref
                0x000000000003d1e0                anyhow::error::<impl core::ops::deref::DerefMut for anyhow::Error>::deref_mut
                0x000000000003d240                anyhow::error::<impl core::fmt::Display for anyhow::Error>::fmt
                0x000000000003dab0                anyhow::error::<impl core::fmt::Debug for anyhow::Error>::fmt
                0x000000000003db10                anyhow::error::<impl core::ops::drop::Drop for anyhow::Error>::drop
                0x000000000003e470                anyhow::error::ErrorImpl::error
                0x000000000003e4d0                anyhow::error::ErrorImpl::provide
                0x000000000003e870                anyhow::error::<impl core::convert::From<anyhow::Error> for alloc::boxed::Box<dyn core::error::Error+core::marker::Send>>::from
                0x000000000003e870                anyhow::error::<impl core::convert::From<anyhow::Error> for alloc::boxed::Box<dyn core::error::Error>>::from
                0x000000000003e8d0                anyhow::error::<impl core::convert::AsRef<dyn core::error::Error+core::marker::Sync+core::marker::Send> for anyhow::Error>::as_ref
                0x000000000003e8d0                anyhow::error::<impl core::convert::AsRef<dyn core::error::Error> for anyhow::Error>::as_ref
                0x000000000003e930                anyhow::fmt::<impl anyhow::error::ErrorImpl>::debug
                0x000000000003fe60                <anyhow::wrapper::BoxedError as core::fmt::Debug>::fmt
                0x000000000003fec0                <anyhow::wrapper::BoxedError as core::fmt::Display>::fmt
                0x000000000003ff20                <anyhow::wrapper::BoxedError as core::error::Error>::source
                0x000000000003ff80                <anyhow::wrapper::BoxedError as core::error::Error>::provide
 *fill*         0x000000000003ffda        0x6 
 .text          0x000000000003ffe0     0x618d /tmp/tmp.YvzB9xe983.o
                0x000000000003ffe0                rand_chacha::chacha::abstract20::<impl core::convert::From<&rand_chacha::chacha::abstract20::ChaCha20Rng> for rand_chacha::chacha::ChaCha20Rng>::from
                0x0000000000040940                rand_chacha::chacha::abstract12::<impl core::convert::From<&rand_chacha::chacha::abstract12::ChaCha12Rng> for rand_chacha::chacha::ChaCha12Rng>::from
                0x00000000000412a0                <rand_chacha::chacha::ChaCha12Core as core::fmt::Debug>::fmt
                0x00000000000412a0                <rand_chacha::chacha::ChaCha20Core as core::fmt::Debug>::fmt
                0x00000000000412a0                <rand_chacha::chacha::ChaCha8Core as core::fmt::Debug>::fmt
                0x0000000000041300                <rand_chacha::chacha::ChaCha20Rng as core::convert::From<rand_chacha::chacha::ChaCha20Core>>::from
                0x0000000000041300                <rand_chacha::chacha::ChaCha12Rng as core::convert::From<rand_chacha::chacha::ChaCha12Core>>::from
                0x0000000000041300                <rand_chacha::chacha::ChaCha8Rng as core::convert::From<rand_chacha::chacha::ChaCha8Core>>::from
                0x0000000000041400                <rand_chacha::chacha::ChaCha8Rng as core::cmp::PartialEq>::eq
                0x0000000000041400                <rand_chacha::chacha::ChaCha20Rng as core::cmp::PartialEq>::eq
                0x0000000000041400                <rand_chacha::chacha::ChaCha12Rng as core::cmp::PartialEq>::eq
                0x0000000000041560                <rand_chacha::chacha::abstract12::ChaCha12Rng as core::convert::From<&rand_chacha::chacha::ChaCha12Rng>>::from
                0x0000000000041560                <rand_chacha::chacha::abstract20::ChaCha20Rng as core::convert::From<&rand_chacha::chacha::ChaCha20Rng>>::from
                0x0000000000041560                <rand_chacha::chacha::abstract8::ChaCha8Rng as core::convert::From<&rand_chacha::chacha::ChaCha8Rng>>::from
                0x00000000000419f0                rand_chacha::chacha::abstract8::<impl core::convert::From<&rand_chacha::chacha::abstract8::ChaCha8Rng> for rand_chacha::chacha::ChaCha8Rng>::from
                0x0000000000042350                rand_chacha::guts::refill_wide
                0x0000000000045290                rand_chacha::guts::set_stream_param
                0x0000000000045750                rand_chacha::guts::get_stream_param
                0x0000000000045ab0                rand_chacha::guts::get_seed
                0x0000000000045c90                rand_chacha::guts::init_chacha
 *fill*         0x000000000004616d        0x3 
 .text          0x0000000000046170     0xd555 /tmp/tmp.GbugDiLolb.o
                0x0000000000052220                entry_point
                0x0000000000053680                help
 *fill*         0x00000000000536c5        0xb 
 .text          0x00000000000536d0     0xf108 /tmp/tmp.zX52BkNrCP.o
                0x0000000000053c70                alloc::raw_vec::RawVec<T,A>::grow_one
                0x0000000000053e80                alloc::alloc::handle_alloc_error::ct_error
                0x0000000000053ef0                __rdl_oom
                0x0000000000054060                <alloc::boxed::convert::<impl core::convert::From<alloc::string::String> for alloc::boxed::Box<dyn core::error::Error+core::marker::Sync+core::marker::Send>>::from::StringError as core::error::Error>::description
                0x00000000000540c0                <alloc::boxed::convert::<impl core::convert::From<alloc::string::String> for alloc::boxed::Box<dyn core::error::Error+core::marker::Sync+core::marker::Send>>::from::StringError as core::fmt::Display>::fmt
                0x0000000000054120                <alloc::boxed::convert::<impl core::convert::From<alloc::string::String> for alloc::boxed::Box<dyn core::error::Error+core::marker::Sync+core::marker::Send>>::from::StringError as core::fmt::Debug>::fmt
                0x0000000000054180                alloc::boxed::convert::<impl core::convert::From<alloc::string::String> for alloc::boxed::Box<dyn core::error::Error>>::from
                0x0000000000054300                alloc::boxed::convert::<impl core::convert::From<&str> for alloc::boxed::Box<dyn core::error::Error>>::from
                0x0000000000054590                alloc::boxed::convert::<impl core::convert::From<alloc::borrow::Cow<str>> for alloc::boxed::Box<dyn core::error::Error+core::marker::Sync+core::marker::Send>>::from
                0x00000000000548e0                alloc::boxed::convert::<impl core::convert::From<alloc::borrow::Cow<str>> for alloc::boxed::Box<dyn core::error::Error>>::from
                0x0000000000054c30                <alloc::boxed::Box<str> as core::clone::Clone>::clone
                0x0000000000054de0                <alloc::borrow::Cow<str> as core::ops::arith::AddAssign<&str>>::add_assign
                0x0000000000055480                <alloc::borrow::Cow<str> as core::ops::arith::AddAssign>::add_assign
                0x0000000000055b40                <alloc::collections::btree::map::UnorderedKeyError as core::fmt::Display>::fmt
                0x0000000000055ba0                <alloc::collections::btree::mem::replace::PanicGuard as core::ops::drop::Drop>::drop
                0x0000000000055be0                <alloc::collections::TryReserveError as core::fmt::Display>::fmt
                0x0000000000055cb0                alloc::ffi::c_str::FromVecWithNulError::as_bytes
                0x0000000000055d10                <&str as alloc::ffi::c_str::CString::new::SpecNewImpl>::spec_new_impl
                0x0000000000055d10                <&[u8] as alloc::ffi::c_str::CString::new::SpecNewImpl>::spec_new_impl
                0x0000000000056110                <&mut [u8] as alloc::ffi::c_str::CString::new::SpecNewImpl>::spec_new_impl
                0x0000000000056510                alloc::ffi::c_str::CString::from_vec_unchecked
                0x0000000000056580                alloc::ffi::c_str::CString::_from_vec_unchecked
                0x0000000000056a20                alloc::ffi::c_str::CString::from_raw
                0x0000000000056a80                alloc::ffi::c_str::CString::into_string
                0x0000000000056d20                alloc::ffi::c_str::CString::into_bytes
                0x0000000000056d90                alloc::ffi::c_str::CString::into_bytes_with_nul
                0x0000000000056d90                <alloc::string::String as core::convert::From<alloc::boxed::Box<str>>>::from
                0x0000000000056df0                alloc::string::<impl core::convert::From<alloc::string::String> for alloc::boxed::Box<str>>::from
                0x0000000000056df0                alloc::ffi::c_str::CString::from_vec_with_nul_unchecked
                0x0000000000057000                alloc::ffi::c_str::CString::from_vec_with_nul
                0x0000000000057490                <alloc::ffi::c_str::CString as core::fmt::Debug>::fmt
                0x00000000000574f0                <alloc::ffi::c_str::CString as core::default::Default>::default
                0x00000000000575c0                alloc::ffi::c_str::<impl alloc::borrow::ToOwned for core::ffi::c_str::CStr>::to_owned
                0x00000000000575c0                alloc::ffi::c_str::<impl core::convert::From<&core::ffi::c_str::CStr> for alloc::boxed::Box<core::ffi::c_str::CStr>>::from
                0x0000000000057760                alloc::ffi::c_str::<impl core::default::Default for alloc::boxed::Box<core::ffi::c_str::CStr>>::default
                0x0000000000057830                <alloc::ffi::c_str::NulError as core::fmt::Display>::fmt
                0x00000000000578e0                <alloc::ffi::c_str::FromVecWithNulError as core::fmt::Display>::fmt
                0x00000000000579f0                <alloc::ffi::c_str::IntoStringError as core::fmt::Display>::fmt
                0x0000000000057a50                alloc::ffi::c_str::<impl alloc::borrow::ToOwned for core::ffi::c_str::CStr>::clone_into
                0x0000000000057d90                <alloc::ffi::c_str::CString as core::convert::From<&core::ffi::c_str::CStr>>::from
                0x0000000000057d90                alloc::ffi::c_str::<impl core::convert::From<&mut core::ffi::c_str::CStr> for alloc::boxed::Box<core::ffi::c_str::CStr>>::from
                0x0000000000057f30                alloc::ffi::c_str::<impl core::ffi::c_str::CStr>::to_string_lossy
                0x0000000000057f90                alloc::ffi::c_str::CString::into_boxed_c_str
                0x0000000000057f90                alloc::ffi::c_str::<impl core::ffi::c_str::CStr>::into_c_string
                0x0000000000057fb0                alloc::fmt::format::format_inner
                0x0000000000058540                alloc::rc::rc_inner_layout_for_value_layout
                0x0000000000058660                alloc::str::<impl str>::to_lowercase
                0x000000000005a960                alloc::str::<impl str>::to_uppercase
                0x000000000005c260                alloc::string::String::from_utf8_lossy
                0x000000000005c8f0                alloc::string::String::from_utf8_lossy_owned
                0x000000000005cb00                alloc::string::String::from_utf16
                0x000000000005d370                alloc::string::String::from_utf16le
                0x000000000005df60                alloc::string::String::from_utf16le_lossy
                0x000000000005ebc0                alloc::string::String::from_utf16be
                0x000000000005f6e0                alloc::string::String::from_utf16be_lossy
                0x00000000000600e0                alloc::string::String::into_raw_parts
                0x0000000000060140                alloc::string::String::try_reserve
                0x00000000000603d0                alloc::string::String::try_reserve_exact
                0x0000000000060640                alloc::string::String::insert_bytes
                0x0000000000060750                alloc::string::FromUtf8Error::as_bytes
                0x00000000000607b0                alloc::string::FromUtf8Error::into_utf8_lossy
                0x0000000000060da0                <alloc::string::FromUtf8Error as core::fmt::Display>::fmt
                0x0000000000060e00                <alloc::string::FromUtf16Error as core::fmt::Display>::fmt
                0x0000000000060e60                <alloc::string::String as core::clone::Clone>::clone
                0x0000000000061010                <alloc::string::String as core::clone::Clone>::clone_from
                0x00000000000619f0                <&alloc::string::String as core::str::pattern::Pattern>::into_searcher
                0x0000000000061a60                <alloc::string::String as core::convert::From<alloc::borrow::Cow<str>>>::from
                0x0000000000062100                <alloc::string::IntoChars as core::fmt::Debug>::fmt
                0x00000000000621b0                <alloc::string::Drain as core::fmt::Debug>::fmt
                0x0000000000062260                <alloc::string::Drain as core::ops::drop::Drop>::drop
                0x00000000000623e0                alloc::string::Drain::as_str
                0x0000000000062440                <alloc::string::Drain as core::convert::AsRef<[u8]>>::as_ref
                0x0000000000062440                <alloc::string::Drain as core::convert::AsRef<str>>::as_ref
                0x00000000000624a0                <alloc::string::Drain as core::iter::traits::iterator::Iterator>::size_hint
                0x0000000000062510                alloc::sync::arcinner_layout_for_value_layout
                0x0000000000062630                <alloc::vec::Vec<u8> as core::convert::From<&str>>::from
 *fill*         0x00000000000627d8        0x8 
 .text          0x00000000000627e0     0x8c81 /tmp/tmp.U2j2xnk0GT.o
                0x0000000000063f30                core::slice::sort::stable::driftsort_main
                0x0000000000064d60                core::slice::sort::stable::quicksort::quicksort
                0x0000000000065e60                alloc::raw_vec::RawVec<T,A>::grow_one
                0x0000000000065ff0                alloc::raw_vec::RawVec<T,A>::grow_one
                0x0000000000066df0                tig_challenges::knapsack::Challenge::generate_instance
                0x0000000000069bb0                tig_challenges::knapsack::Challenge::evaluate_total_value
                0x000000000006b250                <<tig_challenges::knapsack::Track as serde::de::Deserialize>::deserialize::VisitorImpl as serde::de::Visitor>::expecting
                0x000000000006b2a0                <<tig_challenges::knapsack::Solution as serde::de::Deserialize>::deserialize::VisitorImpl as serde::de::Visitor>::expecting
                0x000000000006b2f0                <tig_challenges::knapsack::_::<impl serde::de::Deserialize for tig_challenges::knapsack::SolutionData>::deserialize::__Visitor as serde::de::Visitor>::expecting
                0x000000000006b340                <tig_challenges::knapsack::_::<impl serde::de::Deserialize for tig_challenges::knapsack::SolutionData>::deserialize::__FieldVisitor as serde::de::Visitor>::expecting
                0x000000000006b340                <tig_challenges::knapsack::_::<impl serde::de::Deserialize for tig_challenges::knapsack::Challenge>::deserialize::__FieldVisitor as serde::de::Visitor>::expecting
                0x000000000006b390                <tig_challenges::knapsack::_::<impl serde::de::Deserialize for tig_challenges::knapsack::Challenge>::deserialize::__Visitor as serde::de::Visitor>::expecting
                0x000000000006b3e0                __check_fuel
                0x000000000006b410                __commit_tls
 *fill*         0x000000000006b461        0xf 
 .text          0x000000000006b470    0x18615 /tmp/tmp.igx7wuE1w3.o
                0x000000000006e160                <rustc_demangle::legacy::Demangle as core::fmt::Display>::fmt
                0x0000000000070b00                <rustc_demangle::v0::Demangle as core::fmt::Display>::fmt
                0x0000000000070b90                <rustc_demangle::v0::Ident as core::fmt::Display>::fmt
                0x0000000000080770                rustc_demangle::demangle
                0x0000000000083330                rustc_demangle::try_demangle
                0x0000000000083400                <rustc_demangle::DemangleStyle as core::fmt::Display>::fmt
                0x00000000000835c0                <rustc_demangle::Demangle as core::fmt::Display>::fmt
                0x00000000000839d0                <rustc_demangle::Demangle as core::fmt::Debug>::fmt
 *fill*         0x0000000000083a85        0xb 
 .text          0x0000000000083a90    0x1f0b7 /tmp/tmp.VQmMGGAjX6.o
                0x00000000000844d0                compiler_builtins::float::conv::int_to_float::u32_to_f128_bits
                0x0000000000084590                compiler_builtins::float::conv::int_to_float::u64_to_f128_bits
                0x0000000000084660                compiler_builtins::float::conv::int_to_float::u128_to_f128_bits
                0x0000000000084770                <compiler_builtins::int::big::u256 as core::ops::bit::Shr<u32>>::shr
                0x0000000000084be0                compiler_builtins::int::big::<impl compiler_builtins::int::HInt for u128>::zero_widen_mul
                0x0000000000084be0                compiler_builtins::int::big::<impl compiler_builtins::int::HInt for i128>::zero_widen_mul
                0x0000000000084be0                compiler_builtins::int::big::<impl compiler_builtins::int::HInt for u128>::widen_mul
                0x0000000000084d90                compiler_builtins::int::big::<impl compiler_builtins::int::HInt for i128>::widen_mul
                0x0000000000084dd0                compiler_builtins::int::big::<impl compiler_builtins::int::HInt for i128>::widen_hi
                0x0000000000084dd0                compiler_builtins::int::big::<impl compiler_builtins::int::HInt for u128>::widen_hi
                0x0000000000084e10                <compiler_builtins::int::big::u256 as compiler_builtins::int::DInt>::lo
                0x0000000000084e10                <compiler_builtins::int::big::i256 as compiler_builtins::int::DInt>::lo
                0x0000000000084e70                <compiler_builtins::int::big::i256 as compiler_builtins::int::DInt>::hi
                0x0000000000084e70                <compiler_builtins::int::big::u256 as compiler_builtins::int::DInt>::hi
                0x00000000000855b0                compiler_builtins::float::add::__addsf3
                0x0000000000085de0                __addsf3
                0x0000000000085e40                compiler_builtins::float::add::__adddf3
                0x00000000000866e0                __adddf3
                0x0000000000086750                __addtf3
                0x00000000000867b0                compiler_builtins::float::cmp::__gtsf2
                0x00000000000867b0                compiler_builtins::float::cmp::__gesf2
                0x00000000000869a0                __gesf2
                0x00000000000869a0                __gtsf2
                0x0000000000086b90                compiler_builtins::float::cmp::__unordsf2
                0x0000000000086c00                __unordsf2
                0x0000000000086c70                compiler_builtins::float::cmp::__lesf2
                0x0000000000086c70                compiler_builtins::float::cmp::__nesf2
                0x0000000000086c70                compiler_builtins::float::cmp::__ltsf2
                0x0000000000086c70                compiler_builtins::float::cmp::__eqsf2
                0x0000000000086e60                __lesf2
                0x0000000000086e60                __ltsf2
                0x0000000000086e60                __eqsf2
                0x0000000000086e60                __nesf2
                0x0000000000087050                compiler_builtins::float::cmp::__gedf2
                0x0000000000087050                compiler_builtins::float::cmp::__gtdf2
                0x0000000000087240                __gtdf2
                0x0000000000087240                __gedf2
                0x0000000000087430                compiler_builtins::float::cmp::__unorddf2
                0x00000000000874b0                __unorddf2
                0x0000000000087530                compiler_builtins::float::cmp::__eqdf2
                0x0000000000087530                compiler_builtins::float::cmp::__ledf2
                0x0000000000087530                compiler_builtins::float::cmp::__nedf2
                0x0000000000087530                compiler_builtins::float::cmp::__ltdf2
                0x0000000000087720                __ltdf2
                0x0000000000087720                __ledf2
                0x0000000000087720                __nedf2
                0x0000000000087720                __eqdf2
                0x0000000000087910                __gttf2
                0x0000000000087910                __getf2
                0x0000000000087b30                __unordtf2
                0x0000000000087bc0                __letf2
                0x0000000000087bc0                __lttf2
                0x0000000000087bc0                __netf2
                0x0000000000087bc0                __eqtf2
                0x0000000000087df0                compiler_builtins::float::conv::__floatunsisf
                0x0000000000087eb0                __floatunsisf
                0x0000000000087f70                compiler_builtins::float::conv::__floatunsidf
                0x0000000000088030                __floatunsidf
                0x00000000000880f0                compiler_builtins::float::conv::__floatundisf
                0x0000000000088190                __floatundisf
                0x0000000000088230                compiler_builtins::float::conv::__floatundidf
                0x0000000000088310                __floatundidf
                0x00000000000883f0                compiler_builtins::float::conv::__floatuntisf
                0x00000000000884d0                __floatuntisf
                0x00000000000885b0                compiler_builtins::float::conv::__floatuntidf
                0x0000000000088690                __floatuntidf
                0x0000000000088770                __floatunsitf
                0x0000000000088840                __floatunditf
                0x0000000000088920                __floatuntitf
                0x0000000000088a40                compiler_builtins::float::conv::__floatsisf
                0x0000000000088b40                __floatsisf
                0x0000000000088c40                compiler_builtins::float::conv::__floatsidf
                0x0000000000088d30                __floatsidf
                0x0000000000088e20                compiler_builtins::float::conv::__floatdisf
                0x0000000000088ee0                __floatdisf
                0x0000000000088fa0                compiler_builtins::float::conv::__floatdidf
                0x00000000000890c0                __floatdidf
                0x00000000000891e0                compiler_builtins::float::conv::__floattisf
                0x00000000000892e0                __floattisf
                0x00000000000893e0                compiler_builtins::float::conv::__floattidf
                0x00000000000894e0                __floattidf
                0x00000000000895e0                __floatsitf
                0x00000000000896f0                __floatditf
                0x0000000000089820                __floattitf
                0x0000000000089980                compiler_builtins::float::conv::__fixunssfsi
                0x0000000000089a90                __fixunssfsi
                0x0000000000089ba0                compiler_builtins::float::conv::__fixunssfdi
                0x0000000000089cc0                __fixunssfdi
                0x0000000000089de0                compiler_builtins::float::conv::__fixunssfti
                0x0000000000089f30                __fixunssfti
                0x000000000008a080                compiler_builtins::float::conv::__fixunsdfsi
                0x000000000008a1b0                __fixunsdfsi
                0x000000000008a2e0                compiler_builtins::float::conv::__fixunsdfdi
                0x000000000008a410                __fixunsdfdi
                0x000000000008a540                compiler_builtins::float::conv::__fixunsdfti
                0x000000000008a690                __fixunsdfti
                0x000000000008a7e0                __fixunstfsi
                0x000000000008a920                __fixunstfdi
                0x000000000008aa60                __fixunstfti
                0x000000000008abd0                compiler_builtins::float::conv::__fixsfsi
                0x000000000008ad40                __fixsfsi
                0x000000000008aeb0                compiler_builtins::float::conv::__fixsfdi
                0x000000000008b020                __fixsfdi
                0x000000000008b190                compiler_builtins::float::conv::__fixsfti
                0x000000000008b340                __fixsfti
                0x000000000008b4f0                compiler_builtins::float::conv::__fixdfsi
                0x000000000008b680                __fixdfsi
                0x000000000008b810                compiler_builtins::float::conv::__fixdfdi
                0x000000000008b9c0                __fixdfdi
                0x000000000008bb70                compiler_builtins::float::conv::__fixdfti
                0x000000000008bd50                __fixdfti
                0x000000000008bf30                __fixtfsi
                0x000000000008c0e0                __fixtfdi
                0x000000000008c2a0                __fixtfti
                0x000000000008c490                compiler_builtins::float::div::__divsf3
                0x000000000008cba0                __divsf3
                0x000000000008cc00                compiler_builtins::float::div::__divdf3
                0x000000000008d3b0                __divdf3
                0x000000000008d420                __divtf3
                0x000000000008e0d0                compiler_builtins::float::extend::__extendsfdf2
                0x000000000008e2d0                __extendsfdf2
                0x000000000008e4d0                __gnu_h2f_ieee
                0x000000000008e4d0                __extendhfsf2
                0x000000000008e6c0                __extendhftf2
                0x000000000008e8c0                __extendsftf2
                0x000000000008eab0                __extenddftf2
                0x000000000008ece0                compiler_builtins::float::mul::__mulsf3
                0x000000000008f490                __mulsf3
                0x000000000008f4f0                compiler_builtins::float::mul::__muldf3
                0x000000000008fd70                __muldf3
                0x000000000008fde0                __multf3
                0x0000000000090920                compiler_builtins::float::pow::__powisf2
                0x0000000000090a60                __powisf2
                0x0000000000090ba0                compiler_builtins::float::pow::__powidf2
                0x0000000000090cd0                __powidf2
                0x0000000000090e00                __powitf2
                0x0000000000090f40                compiler_builtins::float::sub::__subsf3
                0x0000000000090fb0                __subsf3
                0x0000000000091020                compiler_builtins::float::sub::__subdf3
                0x0000000000091090                __subdf3
                0x0000000000091100                __subtf3
                0x0000000000091170                compiler_builtins::float::trunc::__truncdfsf2
                0x0000000000091590                __truncdfsf2
                0x00000000000919b0                __gnu_f2h_ieee
                0x00000000000919b0                __truncsfhf2
                0x0000000000091d50                __truncdfhf2
                0x0000000000092150                __trunctfhf2
                0x00000000000925b0                __trunctfsf2
                0x0000000000092a20                __trunctfdf2
                0x0000000000092e90                <f16 as compiler_builtins::float::Float>::normalize
                0x0000000000092f00                <f32 as compiler_builtins::float::Float>::normalize
                0x0000000000092f70                <f64 as compiler_builtins::float::Float>::normalize
                0x0000000000092fe0                <f128 as compiler_builtins::float::Float>::normalize
                0x0000000000093080                compiler_builtins::int::addsub::__rust_i128_add
                0x0000000000093080                compiler_builtins::int::addsub::__rust_u128_add
                0x00000000000930f0                __rust_u128_add
                0x00000000000930f0                __rust_i128_add
                0x0000000000093160                compiler_builtins::int::addsub::__rust_i128_addo
                0x00000000000931f0                __rust_i128_addo
                0x0000000000093280                compiler_builtins::int::addsub::__rust_u128_addo
                0x0000000000093300                __rust_u128_addo
                0x0000000000093380                compiler_builtins::int::addsub::__rust_u128_sub
                0x0000000000093380                compiler_builtins::int::addsub::__rust_i128_sub
                0x00000000000933f0                __rust_u128_sub
                0x00000000000933f0                __rust_i128_sub
                0x0000000000093460                compiler_builtins::int::addsub::__rust_i128_subo
                0x00000000000934f0                __rust_i128_subo
                0x0000000000093580                compiler_builtins::int::addsub::__rust_u128_subo
                0x0000000000093600                __rust_u128_subo
                0x0000000000093680                <compiler_builtins::int::big::i256 as core::ops::bit::Shl<u32>>::shl
                0x0000000000093680                <compiler_builtins::int::big::u256 as core::ops::bit::Shl<u32>>::shl
                0x00000000000936c0                compiler_builtins::int::bswap::__bswapsi2
                0x0000000000093700                __bswapsi2
                0x0000000000093740                compiler_builtins::int::bswap::__bswapdi2
                0x0000000000093790                __bswapdi2
                0x00000000000937e0                compiler_builtins::int::bswap::__bswapti2
                0x0000000000093840                __bswapti2
                0x00000000000938a0                compiler_builtins::int::leading_zeros::__clzsi2
                0x0000000000093950                __clzsi2
                0x0000000000093a00                compiler_builtins::int::leading_zeros::__clzdi2
                0x0000000000093ad0                __clzdi2
                0x0000000000093ba0                compiler_builtins::int::leading_zeros::__clzti2
                0x0000000000093d80                __clzti2
                0x0000000000093de0                compiler_builtins::int::mul::__muldi3
                0x0000000000093e80                __muldi3
                0x0000000000093f20                compiler_builtins::int::mul::__multi3
                0x0000000000093fd0                __multi3
                0x0000000000094080                compiler_builtins::int::mul::__mulosi4
                0x00000000000942d0                __mulosi4
                0x0000000000094520                compiler_builtins::int::mul::__mulodi4
                0x0000000000094740                __mulodi4
                0x0000000000094960                __rust_i128_mulo
                0x0000000000094960                __muloti4
                0x0000000000094bd0                compiler_builtins::int::mul::__rust_i128_mulo
                0x0000000000094bd0                compiler_builtins::int::mul::__muloti4
                0x0000000000094e40                compiler_builtins::int::mul::__rust_u128_mulo
                0x0000000000094fb0                __rust_u128_mulo
                0x0000000000095120                compiler_builtins::int::sdiv::__divmodsi4
                0x0000000000095930                __divmodsi4
                0x0000000000095990                compiler_builtins::int::sdiv::__divsi3
                0x0000000000095d40                __divsi3
                0x00000000000960f0                compiler_builtins::int::sdiv::__modsi3
                0x00000000000967e0                __modsi3
                0x0000000000096840                compiler_builtins::int::sdiv::__divmoddi4
                0x0000000000097090                __divmoddi4
                0x00000000000970f0                compiler_builtins::int::sdiv::__divdi3
                0x00000000000974c0                __divdi3
                0x0000000000097890                compiler_builtins::int::sdiv::__moddi3
                0x0000000000097fa0                __moddi3
                0x0000000000098000                compiler_builtins::int::sdiv::__divmodti4
                0x0000000000098520                __divmodti4
                0x00000000000985a0                compiler_builtins::int::sdiv::__divti3
                0x00000000000987f0                __divti3
                0x0000000000098a40                compiler_builtins::int::sdiv::__modti3
                0x0000000000098eb0                __modti3
                0x0000000000098f30                compiler_builtins::int::shift::__ashlsi3
                0x0000000000099050                __ashlsi3
                0x0000000000099170                compiler_builtins::int::shift::__ashldi3
                0x0000000000099270                __ashldi3
                0x0000000000099370                compiler_builtins::int::shift::__ashlti3
                0x0000000000099470                __ashlti3
                0x0000000000099570                compiler_builtins::int::shift::__ashrsi3
                0x00000000000996a0                __ashrsi3
                0x00000000000997d0                compiler_builtins::int::shift::__ashrdi3
                0x00000000000998f0                __ashrdi3
                0x0000000000099a10                compiler_builtins::int::shift::__ashrti3
                0x0000000000099b10                __ashrti3
                0x0000000000099c10                compiler_builtins::int::shift::__lshrsi3
                0x0000000000099d30                __lshrsi3
                0x0000000000099e50                compiler_builtins::int::shift::__lshrdi3
                0x0000000000099f50                __lshrdi3
                0x000000000009a050                compiler_builtins::int::shift::__lshrti3
                0x000000000009a150                __lshrti3
                0x000000000009a250                compiler_builtins::int::trailing_zeros::__ctzsi2
                0x000000000009a300                __ctzsi2
                0x000000000009a3b0                compiler_builtins::int::trailing_zeros::__ctzdi2
                0x000000000009a470                __ctzdi2
                0x000000000009a530                compiler_builtins::int::trailing_zeros::__ctzti2
                0x000000000009a6e0                __ctzti2
                0x000000000009a740                compiler_builtins::int::udiv::__udivsi3
                0x000000000009aa80                __udivsi3
                0x000000000009adc0                compiler_builtins::int::udiv::__umodsi3
                0x000000000009b0d0                __umodsi3
                0x000000000009b3e0                compiler_builtins::int::udiv::__udivmodsi4
                0x000000000009b760                __udivmodsi4
                0x000000000009bae0                compiler_builtins::int::udiv::__udivdi3
                0x000000000009be40                __udivdi3
                0x000000000009c1a0                compiler_builtins::int::udiv::__umoddi3
                0x000000000009c4c0                __umoddi3
                0x000000000009c7e0                compiler_builtins::int::udiv::__udivmoddi4
                0x000000000009cba0                __udivmoddi4
                0x000000000009cf60                compiler_builtins::int::udiv::__udivti3
                0x000000000009d120                __udivti3
                0x000000000009d2e0                compiler_builtins::int::udiv::__umodti3
                0x000000000009d4a0                __umodti3
                0x000000000009d660                compiler_builtins::int::udiv::__udivmodti4
                0x000000000009d880                __udivmodti4
                0x000000000009daa0                <u8 as compiler_builtins::int::Int>::abs_diff
                0x000000000009db00                <u8 as compiler_builtins::int::Int>::ilog2
                0x000000000009dba0                <u8 as compiler_builtins::int::Int>::rotate_left
                0x000000000009dba0                <i8 as compiler_builtins::int::Int>::rotate_left
                0x000000000009dbf0                <i8 as compiler_builtins::int::Int>::leading_zeros
                0x000000000009dbf0                <u8 as compiler_builtins::int::Int>::leading_zeros
                0x000000000009dc50                <i8 as compiler_builtins::int::Int>::ilog2
                0x000000000009dcf0                <u16 as compiler_builtins::int::Int>::ilog2
                0x000000000009dd90                <i16 as compiler_builtins::int::Int>::rotate_left
                0x000000000009dd90                <u16 as compiler_builtins::int::Int>::rotate_left
                0x000000000009dde0                <i16 as compiler_builtins::int::Int>::leading_zeros
                0x000000000009dde0                <u16 as compiler_builtins::int::Int>::leading_zeros
                0x000000000009de40                <i16 as compiler_builtins::int::Int>::ilog2
                0x000000000009dee0                <u32 as compiler_builtins::int::Int>::ilog2
                0x000000000009df80                <i32 as compiler_builtins::int::Int>::rotate_left
                0x000000000009df80                <u32 as compiler_builtins::int::Int>::rotate_left
                0x000000000009dfd0                <u32 as compiler_builtins::int::Int>::leading_zeros
                0x000000000009dfd0                <i32 as compiler_builtins::int::Int>::leading_zeros
                0x000000000009e020                <i32 as compiler_builtins::int::Int>::ilog2
                0x000000000009e0c0                <u64 as compiler_builtins::int::Int>::ilog2
                0x000000000009e0c0                <usize as compiler_builtins::int::Int>::ilog2
                0x000000000009e160                <i64 as compiler_builtins::int::Int>::rotate_left
                0x000000000009e160                <isize as compiler_builtins::int::Int>::rotate_left
                0x000000000009e160                <usize as compiler_builtins::int::Int>::rotate_left
                0x000000000009e160                <u64 as compiler_builtins::int::Int>::rotate_left
                0x000000000009e1b0                <isize as compiler_builtins::int::Int>::leading_zeros
                0x000000000009e1b0                <i64 as compiler_builtins::int::Int>::leading_zeros
                0x000000000009e1b0                <u64 as compiler_builtins::int::Int>::leading_zeros
                0x000000000009e1b0                <usize as compiler_builtins::int::Int>::leading_zeros
                0x000000000009e210                <isize as compiler_builtins::int::Int>::ilog2
                0x000000000009e210                <i64 as compiler_builtins::int::Int>::ilog2
                0x000000000009e2b0                <u128 as compiler_builtins::int::Int>::ilog2
                0x000000000009e390                <u128 as compiler_builtins::int::Int>::rotate_left
                0x000000000009e390                <i128 as compiler_builtins::int::Int>::rotate_left
                0x000000000009e410                <i128 as compiler_builtins::int::Int>::leading_zeros
                0x000000000009e410                <u128 as compiler_builtins::int::Int>::leading_zeros
                0x000000000009e480                <i128 as compiler_builtins::int::Int>::ilog2
                0x000000000009e560                compiler_builtins::mem::memcpy
                0x000000000009e5e0                compiler_builtins::mem::memmove
                0x000000000009e720                compiler_builtins::mem::memset
                0x000000000009e7b0                compiler_builtins::mem::memcmp
                0x000000000009eba0                compiler_builtins::mem::bcmp
                0x000000000009ef90                compiler_builtins::mem::strlen
                0x000000000009f210                compiler_builtins::mem::__llvm_memcpy_element_unordered_atomic_1
                0x000000000009f3f0                __llvm_memcpy_element_unordered_atomic_1
                0x000000000009f5d0                compiler_builtins::mem::__llvm_memcpy_element_unordered_atomic_2
                0x000000000009f7c0                __llvm_memcpy_element_unordered_atomic_2
                0x000000000009f9b0                compiler_builtins::mem::__llvm_memcpy_element_unordered_atomic_4
                0x000000000009fba0                __llvm_memcpy_element_unordered_atomic_4
                0x000000000009fd90                compiler_builtins::mem::__llvm_memcpy_element_unordered_atomic_8
                0x000000000009ff80                __llvm_memcpy_element_unordered_atomic_8
                0x00000000000a0170                compiler_builtins::mem::__llvm_memmove_element_unordered_atomic_1
                0x00000000000a04b0                __llvm_memmove_element_unordered_atomic_1
                0x00000000000a07f0                compiler_builtins::mem::__llvm_memmove_element_unordered_atomic_2
                0x00000000000a0b50                __llvm_memmove_element_unordered_atomic_2
                0x00000000000a0eb0                compiler_builtins::mem::__llvm_memmove_element_unordered_atomic_4
                0x00000000000a1200                __llvm_memmove_element_unordered_atomic_4
                0x00000000000a1550                compiler_builtins::mem::__llvm_memmove_element_unordered_atomic_8
                0x00000000000a18a0                __llvm_memmove_element_unordered_atomic_8
                0x00000000000a1bf0                compiler_builtins::mem::__llvm_memset_element_unordered_atomic_1
                0x00000000000a1dc0                __llvm_memset_element_unordered_atomic_1
                0x00000000000a1f90                compiler_builtins::mem::__llvm_memset_element_unordered_atomic_2
                0x00000000000a2190                __llvm_memset_element_unordered_atomic_2
                0x00000000000a2390                compiler_builtins::mem::__llvm_memset_element_unordered_atomic_4
                0x00000000000a2580                __llvm_memset_element_unordered_atomic_4
                0x00000000000a2770                compiler_builtins::mem::__llvm_memset_element_unordered_atomic_8
                0x00000000000a2960                __llvm_memset_element_unordered_atomic_8
 *fill*         0x00000000000a2b47        0x9 
 .text          0x00000000000a2b50    0x25011 /tmp/tmp.e7fDCzQSmg.o
                0x00000000000a31f0                std::io::error::Error::new
                0x00000000000aa790                alloc::raw_vec::RawVec<T,A>::grow_one
                0x00000000000ab210                serde_json::de::ParserNumber::invalid_type
                0x00000000000acc90                serde_json::de::<impl core::str::traits::FromStr for serde_json::number::Number>::from_str
                0x00000000000ad5d0                serde_json::error::Error::io_error_kind
                0x00000000000ad820                serde_json::error::<impl core::convert::From<serde_json::error::Error> for std::io::error::Error>::from
                0x00000000000ad930                <serde_json::error::ErrorCode as core::fmt::Display>::fmt
                0x00000000000adfd0                <serde_json::error::Error as core::error::Error>::source
                0x00000000000ae070                <serde_json::error::Error as core::fmt::Display>::fmt
                0x00000000000ae1c0                <serde_json::error::ErrorImpl as core::fmt::Display>::fmt
                0x00000000000ae310                <serde_json::error::Error as core::fmt::Debug>::fmt
                0x00000000000ae6c0                <serde_json::error::JsonUnexpected as core::fmt::Display>::fmt
                0x00000000000ae950                serde_json::error::make_error
                0x00000000000b0790                <<serde_json::map::Map<alloc::string::String,serde_json::value::Value> as serde::de::Deserialize>::deserialize::Visitor as serde::de::Visitor>::expecting
                0x00000000000b07f0                serde_json::map::Entry::key
                0x00000000000b0880                serde_json::map::Entry::or_insert
                0x00000000000b1160                serde_json::ser::key_must_be_a_string
                0x00000000000b1160                serde_json::value::ser::key_must_be_a_string
                0x00000000000b11c0                serde_json::ser::float_key_must_be_finite
                0x00000000000b1220                <serde_json::value::Value as core::fmt::Debug>::fmt
                0x00000000000b16f0                <serde_json::value::Value as core::fmt::Display>::fmt
                0x00000000000b1910                <<serde_json::value::Value as core::fmt::Display>::fmt::WriterFormatter as std::io::Write>::write
                0x00000000000b19d0                serde_json::value::Value::pointer
                0x00000000000b2480                serde_json::value::Value::pointer_mut
                0x00000000000b7180                <serde_json::value::de::<impl serde::de::Deserialize for serde_json::value::Value>::deserialize::ValueVisitor as serde::de::Visitor>::expecting
                0x00000000000b71e0                serde_json::value::de::<impl core::str::traits::FromStr for serde_json::value::Value>::from_str
                0x00000000000b7710                <serde_json::value::de::VariantDeserializer as serde::de::VariantAccess>::unit_variant
                0x00000000000b7840                serde_json::value::de::SeqDeserializer::new
                0x00000000000b78b0                <serde_json::value::de::SeqDeserializer as serde::de::SeqAccess>::size_hint
                0x00000000000b7910                serde_json::value::de::MapDeserializer::new
                0x00000000000b79b0                <serde_json::value::de::VariantRefDeserializer as serde::de::VariantAccess>::unit_variant
                0x00000000000b7ab0                <serde_json::value::de::SeqRefDeserializer as serde::de::SeqAccess>::size_hint
                0x00000000000b7b10                <serde_json::value::de::KeyClassifier as serde::de::Visitor>::expecting
                0x00000000000b7b70                serde_json::value::from::<impl core::convert::From<f32> for serde_json::value::Value>::from
                0x00000000000b7cc0                serde_json::value::from::<impl core::convert::From<f64> for serde_json::value::Value>::from
                0x00000000000b7e20                serde_json::value::from::<impl core::convert::From<&str> for serde_json::value::Value>::from
                0x00000000000b7fd0                serde_json::value::from::<impl core::convert::From<alloc::borrow::Cow<str>> for serde_json::value::Value>::from
                0x00000000000b8200                <usize as serde_json::value::index::Index>::index_or_insert
                0x00000000000b8420                <str as serde_json::value::index::Index>::index_into
                0x00000000000b8700                <str as serde_json::value::index::Index>::index_into_mut
                0x00000000000b89e0                <str as serde_json::value::index::Index>::index_or_insert
                0x00000000000b90b0                <alloc::string::String as serde_json::value::index::Index>::index_into
                0x00000000000b93a0                <alloc::string::String as serde_json::value::index::Index>::index_into_mut
                0x00000000000b9690                <alloc::string::String as serde_json::value::index::Index>::index_or_insert
                0x00000000000b96f0                <serde_json::value::index::Type as core::fmt::Display>::fmt
                0x00000000000b98a0                serde_json::value::partial_eq::<impl core::cmp::PartialEq<str> for serde_json::value::Value>::eq
                0x00000000000b9950                serde_json::value::partial_eq::<impl core::cmp::PartialEq<&str> for serde_json::value::Value>::eq
                0x00000000000b9a00                serde_json::value::partial_eq::<impl core::cmp::PartialEq<serde_json::value::Value> for str>::eq
                0x00000000000b9ab0                serde_json::value::partial_eq::<impl core::cmp::PartialEq<serde_json::value::Value> for &str>::eq
                0x00000000000b9b60                serde_json::value::partial_eq::<impl core::cmp::PartialEq<alloc::string::String> for serde_json::value::Value>::eq
                0x00000000000b9c10                serde_json::value::partial_eq::<impl core::cmp::PartialEq<serde_json::value::Value> for alloc::string::String>::eq
                0x00000000000bc550                <serde_json::value::ser::Serializer as serde::ser::Serializer>::serialize_i128
                0x00000000000bc6b0                <serde_json::value::ser::Serializer as serde::ser::Serializer>::serialize_u128
                0x00000000000bc790                <serde_json::value::ser::Serializer as serde::ser::Serializer>::serialize_bytes
                0x00000000000bcb30                <serde_json::value::ser::Serializer as serde::ser::Serializer>::serialize_seq
                0x00000000000bccf0                <serde_json::value::ser::Serializer as serde::ser::Serializer>::serialize_tuple
                0x00000000000bceb0                <serde_json::value::ser::Serializer as serde::ser::Serializer>::serialize_tuple_struct
                0x00000000000bd070                <serde_json::value::ser::Serializer as serde::ser::Serializer>::serialize_tuple_variant
                0x00000000000bd3d0                <serde_json::value::ser::Serializer as serde::ser::Serializer>::serialize_struct_variant
                0x00000000000bd590                <serde_json::value::ser::SerializeTupleVariant as serde::ser::SerializeTupleVariant>::end
                0x00000000000bd710                <serde_json::value::ser::SerializeMap as serde::ser::SerializeMap>::end
                0x00000000000bd7f0                <serde_json::value::ser::MapKeySerializer as serde::ser::Serializer>::serialize_bool
                0x00000000000bd930                <serde_json::value::ser::MapKeySerializer as serde::ser::Serializer>::serialize_i8
                0x00000000000bdc90                <serde_json::value::ser::MapKeySerializer as serde::ser::Serializer>::serialize_i16
                0x00000000000bde80                <serde_json::value::ser::MapKeySerializer as serde::ser::Serializer>::serialize_i32
                0x00000000000be070                <serde_json::value::ser::MapKeySerializer as serde::ser::Serializer>::serialize_i64
                0x00000000000be260                <serde_json::value::ser::MapKeySerializer as serde::ser::Serializer>::serialize_u8
                0x00000000000be590                <serde_json::value::ser::MapKeySerializer as serde::ser::Serializer>::serialize_u16
                0x00000000000be780                <serde_json::value::ser::MapKeySerializer as serde::ser::Serializer>::serialize_u32
                0x00000000000be970                <serde_json::value::ser::MapKeySerializer as serde::ser::Serializer>::serialize_u64
                0x00000000000beb60                <serde_json::value::ser::MapKeySerializer as serde::ser::Serializer>::serialize_f32
                0x00000000000bedc0                <serde_json::value::ser::MapKeySerializer as serde::ser::Serializer>::serialize_f64
                0x00000000000bf030                <serde_json::value::ser::MapKeySerializer as serde::ser::Serializer>::serialize_bytes
                0x00000000000bf030                <serde_json::value::ser::MapKeySerializer as serde::ser::Serializer>::serialize_unit_struct
                0x00000000000bf0a0                <serde_json::value::ser::MapKeySerializer as serde::ser::Serializer>::serialize_none
                0x00000000000bf0a0                <serde_json::value::ser::MapKeySerializer as serde::ser::Serializer>::serialize_unit