Archive member included to satisfy reference by file (symbol)

/usr/lib/x86_64-linux-gnu/libc_nonshared.a(pthread_atfork.oS)
                              /tmp/tmp.W5YAZ5d2T2.o (pthread_atfork)

Merging program properties

Removed property 0xc0000002 to merge /lib/x86_64-linux-gnu/crti.o (0x3) and /tmp/tmp.xgvW1OdAjU.o (not found)
Removed property 0xc0000002 to merge /lib/x86_64-linux-gnu/crti.o (not found) and /usr/lib/x86_64-linux-gnu/libc_nonshared.a(pthread_atfork.oS) (0x3)
Removed property 0xc0000002 to merge /lib/x86_64-linux-gnu/crti.o (not found) and /usr/lib/gcc/x86_64-linux-gnu/13/crtendS.o (0x3)
Removed property 0xc0000002 to merge /lib/x86_64-linux-gnu/crti.o (not found) and /lib/x86_64-linux-gnu/crtn.o (0x3)

As-needed library included to satisfy reference by file (symbol)

libgcc_s.so.1                 /tmp/tmp.hh55dW2iTH.o (_Unwind_GetLanguageSpecificData@@GCC_3.0)
ld-linux-x86-64.so.2          /tmp/tmp.ksGHfHxLUH.o (__tls_get_addr@@GLIBC_2.3)

Discarded input sections

 .text          0x0000000000000000        0x0 /lib/x86_64-linux-gnu/crti.o
 .data          0x0000000000000000        0x0 /lib/x86_64-linux-gnu/crti.o
 .bss           0x0000000000000000        0x0 /lib/x86_64-linux-gnu/crti.o
 .note.gnu.property
                0x0000000000000000       0x20 /lib/x86_64-linux-gnu/crti.o
 .note.GNU-stack
                0x0000000000000000        0x0 /lib/x86_64-linux-gnu/crti.o
 .data          0x0000000000000000        0x0 /usr/lib/gcc/x86_64-linux-gnu/13/crtbeginS.o
 .note.GNU-stack
                0x0000000000000000        0x0 /usr/lib/gcc/x86_64-linux-gnu/13/crtbeginS.o
 .note.gnu.property
                0x0000000000000000       0x20 /usr/lib/gcc/x86_64-linux-gnu/13/crtbeginS.o
 .text          0x0000000000000000        0x0 /tmp/tmp.xgvW1OdAjU.o
 .llvmbc        0x0000000000000000      0x908 /tmp/tmp.xgvW1OdAjU.o
 .llvmcmd       0x0000000000000000        0x0 /tmp/tmp.xgvW1OdAjU.o
 .comment       0x0000000000000000       0x35 /tmp/tmp.xgvW1OdAjU.o
 .note.GNU-stack
                0x0000000000000000        0x0 /tmp/tmp.xgvW1OdAjU.o
 .text          0x0000000000000000        0x0 /tmp/tmp.E8DfoZAKcD.o
 .llvmbc        0x0000000000000000      0x908 /tmp/tmp.E8DfoZAKcD.o
 .llvmcmd       0x0000000000000000        0x0 /tmp/tmp.E8DfoZAKcD.o
 .comment       0x0000000000000000       0x35 /tmp/tmp.E8DfoZAKcD.o
 .note.GNU-stack
                0x0000000000000000        0x0 /tmp/tmp.E8DfoZAKcD.o
 .text          0x0000000000000000        0x0 /tmp/tmp.N60uRDEwzd.o
 .llvmbc        0x0000000000000000      0x918 /tmp/tmp.N60uRDEwzd.o
 .llvmcmd       0x0000000000000000        0x0 /tmp/tmp.N60uRDEwzd.o
 .comment       0x0000000000000000       0x35 /tmp/tmp.N60uRDEwzd.o
 .note.GNU-stack
                0x0000000000000000        0x0 /tmp/tmp.N60uRDEwzd.o
 .text          0x0000000000000000        0x0 /tmp/tmp.Idkcct97rR.o
 .llvmbc        0x0000000000000000      0x904 /tmp/tmp.Idkcct97rR.o
 .llvmcmd       0x0000000000000000        0x0 /tmp/tmp.Idkcct97rR.o
 .comment       0x0000000000000000       0x35 /tmp/tmp.Idkcct97rR.o
 .note.GNU-stack
                0x0000000000000000        0x0 /tmp/tmp.Idkcct97rR.o
 .text          0x0000000000000000        0x0 /tmp/tmp.in1GC1kjMZ.o
 .llvmbc        0x0000000000000000      0x918 /tmp/tmp.in1GC1kjMZ.o
 .llvmcmd       0x0000000000000000        0x0 /tmp/tmp.in1GC1kjMZ.o
 .comment       0x0000000000000000       0x35 /tmp/tmp.in1GC1kjMZ.o
 .note.GNU-stack
                0x0000000000000000        0x0 /tmp/tmp.in1GC1kjMZ.o
 .text          0x0000000000000000        0x0 /tmp/tmp.Y8gFdNMXDD.o
 .llvmbc        0x0000000000000000      0x904 /tmp/tmp.Y8gFdNMXDD.o
 .llvmcmd       0x0000000000000000        0x0 /tmp/tmp.Y8gFdNMXDD.o
 .comment       0x0000000000000000       0x35 /tmp/tmp.Y8gFdNMXDD.o
 .note.GNU-stack
                0x0000000000000000        0x0 /tmp/tmp.Y8gFdNMXDD.o
 .text          0x0000000000000000      0x2db /tmp/tmp.ksGHfHxLUH.o
 .llvmbc        0x0000000000000000     0x3e94 /tmp/tmp.ksGHfHxLUH.o
 .llvmcmd       0x0000000000000000        0x0 /tmp/tmp.ksGHfHxLUH.o
 .rodata.cst16  0x0000000000000000       0x10 /tmp/tmp.ksGHfHxLUH.o
 .data.rel.ro   0x0000000000000000       0x20 /tmp/tmp.ksGHfHxLUH.o
 .rodata        0x0000000000000000       0x8c /tmp/tmp.ksGHfHxLUH.o
 .rodata.cst32  0x0000000000000000       0x20 /tmp/tmp.ksGHfHxLUH.o
 .note.GNU-stack
                0x0000000000000000        0x0 /tmp/tmp.ksGHfHxLUH.o
 .text          0x0000000000000000      0x168 /tmp/tmp.0JeNxZ5HqF.o
 .llvmbc        0x0000000000000000     0x1c20 /tmp/tmp.0JeNxZ5HqF.o
 .llvmcmd       0x0000000000000000        0x0 /tmp/tmp.0JeNxZ5HqF.o
 .note.GNU-stack
                0x0000000000000000        0x0 /tmp/tmp.0JeNxZ5HqF.o
 .text          0x0000000000000000      0x1d3 /tmp/tmp.MZbIFA6NSX.o
 .llvmbc        0x0000000000000000     0x50ec /tmp/tmp.MZbIFA6NSX.o
 .llvmcmd       0x0000000000000000        0x0 /tmp/tmp.MZbIFA6NSX.o
 .rodata        0x0000000000000000       0x12 /tmp/tmp.MZbIFA6NSX.o
[...]
Memory Configuration

Name             Origin             Length             Attributes
*default*        0x0000000000000000 0xffffffffffffffff

Linker script and memory map

LOAD /lib/x86_64-linux-gnu/crti.o
LOAD /usr/lib/gcc/x86_64-linux-gnu/13/crtbeginS.o
LOAD /tmp/tmp.xgvW1OdAjU.o
LOAD /tmp/tmp.E8DfoZAKcD.o
LOAD /tmp/tmp.N60uRDEwzd.o
LOAD /tmp/tmp.Idkcct97rR.o
LOAD /tmp/tmp.in1GC1kjMZ.o
LOAD /tmp/tmp.Y8gFdNMXDD.o
LOAD /tmp/tmp.ksGHfHxLUH.o
LOAD /tmp/tmp.0JeNxZ5HqF.o
LOAD /tmp/tmp.MZbIFA6NSX.o
LOAD /tmp/tmp.MEEcxQjq7e.o
LOAD /tmp/tmp.IgKpMeiFqX.o
LOAD /tmp/tmp.b3HiDYI3k3.o
LOAD /tmp/tmp.ExyhRdU5KD.o
LOAD /tmp/tmp.9xHYg3NC4M.o
LOAD /tmp/tmp.MkDv18OygH.o
LOAD /tmp/tmp.7I2IZg5Y8f.o
LOAD /tmp/tmp.6cZxGA8VWc.o
LOAD /tmp/tmp.hrLlKrxgZE.o
LOAD /tmp/tmp.4fx1bmApwZ.o
LOAD /tmp/tmp.lpB0xUSWr6.o
LOAD /tmp/tmp.DsVgnU7944.o
LOAD /tmp/tmp.QrDBjMqrDU.o
LOAD /tmp/tmp.uffT0BkgkQ.o
LOAD /tmp/tmp.7A7BTXEI3W.o
LOAD /tmp/tmp.9DVtQk9wfQ.o
LOAD /tmp/tmp.5gmdayVme5.o
LOAD /tmp/tmp.duZ5dSskdP.o
LOAD /tmp/tmp.2hPZ8zmfAH.o
LOAD /tmp/tmp.W5YAZ5d2T2.o
LOAD /tmp/tmp.Klt5gZXCrR.o
LOAD /tmp/tmp.5F4U2kOk9J.o
LOAD /tmp/tmp.txUhh68YW3.o
LOAD /tmp/tmp.UeLEckCMXW.o
LOAD /tmp/tmp.R6lExZZhuB.o
LOAD /tmp/tmp.JQfjeL2bg7.o
LOAD /tmp/tmp.WdbYIqQG0b.o
LOAD /tmp/tmp.GldNgEtKKU.o
LOAD /tmp/tmp.yJwqaRCE31.o
LOAD /tmp/tmp.kuRSNrJRBX.o
LOAD /tmp/tmp.qDwei1eZjP.o
LOAD /tmp/tmp.FFCdlisyKd.o
LOAD /tmp/tmp.bkq4a20L6L.o
LOAD /tmp/tmp.C9frVwhcoY.o
LOAD /tmp/tmp.ziuk22Xuvs.o
LOAD /tmp/tmp.Bca65JMpr9.o
LOAD /tmp/tmp.SP1T6FKJI6.o
LOAD /tmp/tmp.xvqn4Y1vnd.o
LOAD /tmp/tmp.Xyp64KZsDb.o
LOAD /tmp/tmp.8Z1y3GzKJT.o
LOAD /tmp/tmp.5p2wmg8s0G.o
LOAD /tmp/tmp.A0ImOrSAlJ.o
LOAD /tmp/tmp.qIWGOy1pk8.o
LOAD /tmp/tmp.eJY41DHJLM.o
LOAD /tmp/tmp.DLsh100iZ0.o
LOAD /tmp/tmp.hh55dW2iTH.o
LOAD /tmp/tmp.JIfjUeffNV.o
LOAD /lib/x86_64-linux-gnu/libm.so
START GROUP
LOAD /lib/x86_64-linux-gnu/libm.so.6
LOAD /lib/x86_64-linux-gnu/libmvec.so.1
END GROUP
LOAD /root/.rustup/toolchains/nightly-2025-02-10-x86_64-unknown-linux-gnu/lib/rustlib/x86_64-unknown-linux-gnu/lib/libstd.so
LOAD /usr/lib/gcc/x86_64-linux-gnu/13/libgcc.a
LOAD /usr/lib/gcc/x86_64-linux-gnu/13/libgcc_s.so
START GROUP
LOAD /lib/x86_64-linux-gnu/libgcc_s.so.1
LOAD /usr/lib/gcc/x86_64-linux-gnu/13/libgcc.a
END GROUP
LOAD /lib/x86_64-linux-gnu/libc.so
START GROUP
LOAD /lib/x86_64-linux-gnu/libc.so.6
LOAD /usr/lib/x86_64-linux-gnu/libc_nonshared.a
LOAD /lib64/ld-linux-x86-64.so.2
END GROUP
LOAD /usr/lib/gcc/x86_64-linux-gnu/13/libgcc.a
LOAD /usr/lib/gcc/x86_64-linux-gnu/13/libgcc_s.so
START GROUP
LOAD /lib/x86_64-linux-gnu/libgcc_s.so.1
LOAD /usr/lib/gcc/x86_64-linux-gnu/13/libgcc.a
END GROUP
LOAD /usr/lib/gcc/x86_64-linux-gnu/13/crtendS.o
LOAD /lib/x86_64-linux-gnu/crtn.o
                0x0000000000000238                . = (SEGMENT_START ("text-segment", 0x0) + SIZEOF_HEADERS)

.note.gnu.build-id
 *(.note.gnu.build-id)

.hash
 *(.hash)

.gnu.hash       0x0000000000000238       0x40
 *(.gnu.hash)
 .gnu.hash      0x0000000000000238       0x40 /lib/x86_64-linux-gnu/crti.o

.dynsym         0x0000000000000278     0x1248
 *(.dynsym)
 .dynsym        0x0000000000000278     0x1248 /lib/x86_64-linux-gnu/crti.o

.dynstr         0x00000000000014c0      0xa56
 *(.dynstr)
 .dynstr        0x00000000000014c0      0xa56 /lib/x86_64-linux-gnu/crti.o

.gnu.version    0x0000000000001f16      0x186
 *(.gnu.version)
 .gnu.version   0x0000000000001f16      0x186 /lib/x86_64-linux-gnu/crti.o

.gnu.version_d  0x00000000000020a0        0x0
 *(.gnu.version_d)
 .gnu.version_d
                0x00000000000020a0        0x0 /lib/x86_64-linux-gnu/crti.o

.gnu.version_r  0x00000000000020a0      0x200
 *(.gnu.version_r)
 .gnu.version_r
                0x00000000000020a0      0x200 /lib/x86_64-linux-gnu/crti.o

.rela.dyn       0x00000000000022a0    0x10560
 *(.rela.init)
 *(.rela.text .rela.text.* .rela.gnu.linkonce.t.*)
 .rela.text     0x00000000000022a0        0x0 /lib/x86_64-linux-gnu/crti.o
 *(.rela.fini)
 *(.rela.rodata .rela.rodata.* .rela.gnu.linkonce.r.*)
 *(.rela.data .rela.data.* .rela.gnu.linkonce.d.*)
 .rela.data.rel.local
                0x00000000000022a0       0x18 /lib/x86_64-linux-gnu/crti.o
 .rela.data.rel.ro
                0x00000000000022b8     0xf240 /lib/x86_64-linux-gnu/crti.o
 .rela.data.DW.ref.rust_eh_personality
                0x00000000000114f8       0x18 /lib/x86_64-linux-gnu/crti.o
 .rela.data     0x0000000000011510       0x30 /lib/x86_64-linux-gnu/crti.o
 *(.rela.tdata .rela.tdata.* .rela.gnu.linkonce.td.*)
 *(.rela.tbss .rela.tbss.* .rela.gnu.linkonce.tb.*)
 *(.rela.ctors)
 *(.rela.dtors)
 *(.rela.got)
 .rela.got      0x0000000000011540     0x1278 /lib/x86_64-linux-gnu/crti.o
 *(.rela.bss .rela.bss.* .rela.gnu.linkonce.b.*)
 *(.rela.ldata .rela.ldata.* .rela.gnu.linkonce.l.*)
 *(.rela.lbss .rela.lbss.* .rela.gnu.linkonce.lb.*)
 *(.rela.lrodata .rela.lrodata.* .rela.gnu.linkonce.lr.*)
 *(.rela.ifunc)
 .rela.ifunc    0x00000000000127b8        0x0 /lib/x86_64-linux-gnu/crti.o
 .rela.fini_array
                0x00000000000127b8       0x18 /lib/x86_64-linux-gnu/crti.o
 .rela.init_array
                0x00000000000127d0       0x18 /lib/x86_64-linux-gnu/crti.o
 .rela.eh_frame
                0x00000000000127e8        0x0 /lib/x86_64-linux-gnu/crti.o
 .rela.init_array.00099
                0x00000000000127e8       0x18 /lib/x86_64-linux-gnu/crti.o

.rela.plt       0x0000000000012800       0x48
 *(.rela.plt)
 .rela.plt      0x0000000000012800       0x48 /lib/x86_64-linux-gnu/crti.o
 *(.rela.iplt)

.relr.dyn
 *(.relr.dyn)
                0x0000000000013000                . = ALIGN (CONSTANT (MAXPAGESIZE))

.init           0x0000000000013000       0x1b
 *(SORT_NONE(.init))
 .init          0x0000000000013000       0x16 /lib/x86_64-linux-gnu/crti.o
                0x0000000000013000                _init
 .init          0x0000000000013016        0x5 /lib/x86_64-linux-gnu/crtn.o

.plt            0x0000000000013020       0x40
 *(.plt)
 .plt           0x0000000000013020       0x40 /lib/x86_64-linux-gnu/crti.o
 *(.iplt)

.plt.got        0x0000000000013060       0x10
 *(.plt.got)
 .plt.got       0x0000000000013060       0x10 /lib/x86_64-linux-gnu/crti.o

.plt.sec
 *(.plt.sec)

.text           0x0000000000013070   0x242910
 *(.text.unlikely .text.*_unlikely .text.unlikely.*)
 .text.unlikely.
                0x0000000000013070      0x883 /tmp/tmp.DsVgnU7944.o
                0x0000000000013070                std_detect::detect::cache::detect_and_initialize
 *fill*         0x00000000000138f3        0xd 
 .text.unlikely.
                0x0000000000013900      0x7f4 /tmp/tmp.W5YAZ5d2T2.o
 *fill*         0x00000000000140f4        0xc 
 .text.unlikely.
                0x0000000000014100      0x8d1 /tmp/tmp.WdbYIqQG0b.o
                0x0000000000014670                ndarray::arraytraits::array_out_of_bounds
                0x00000000000146c0                ndarray::linalg::impl_linalg::dot_shape_error
                0x00000000000148a0                ndarray::linalg::impl_linalg::general_dot_shape_error
 *fill*         0x00000000000149d1        0xf 
 .text.unlikely.
                0x00000000000149e0      0xe89 /tmp/tmp.GldNgEtKKU.o
                0x0000000000015590                anyhow::error::<impl anyhow::Error>::chain
                0x0000000000015600                anyhow::error::<impl core::convert::From<anyhow::Error> for alloc::boxed::Box<dyn core::error::Error+core::marker::Sync+core::marker::Send>>::from
                0x0000000000015660                anyhow::kind::Boxed::new
 *fill*         0x0000000000015869        0x7 
 .text.unlikely.
                0x0000000000015870      0x3e4 /tmp/tmp.kuRSNrJRBX.o
 *fill*         0x0000000000015c54        0xc 
 .text.unlikely.
                0x0000000000015c60     0x1609 /tmp/tmp.bkq4a20L6L.o
 *fill*         0x0000000000017269        0x7 
 .text.unlikely.
                0x0000000000017270      0x920 /tmp/tmp.ziuk22Xuvs.o
                0x0000000000017270                core::panicking::assert_failed
                0x000000000001782b                alloc::raw_vec::handle_error
                0x00000000000178d5                alloc::alloc::handle_alloc_error
                0x000000000001791c                alloc::vec::Vec<T,A>::swap_remove::assert_failed
                0x00000000000179b9                alloc::vec::Vec<T,A>::insert::assert_failed
                0x0000000000017a56                alloc::vec::Vec<T,A>::remove::assert_failed
                0x0000000000017af3                alloc::vec::Vec<T,A>::split_off::assert_failed
 .text.unlikely.
                0x0000000000017b90     0x21f9 /tmp/tmp.5p2wmg8s0G.o
                0x0000000000018700                serde_json::de::Deserializer<R>::parse_long_integer
                0x0000000000018c40                serde_json::de::Deserializer<R>::parse_decimal_overflow
                0x0000000000019100                serde_json::de::Deserializer<R>::parse_exponent_overflow
                0x0000000000019310                serde_json::error::Error::syntax
                0x0000000000019470                serde_json::error::Error::io
                0x0000000000019a20                <serde_json::error::Error as serde::de::Error>::invalid_type
                0x0000000000019b00                <serde_json::error::Error as serde::de::Error>::invalid_value
                0x0000000000019c60                serde_json::value::de::<impl serde_json::value::Value>::unexpected
 *fill*         0x0000000000019d89        0x7 
 .text.unlikely.
                0x0000000000019d90     0x1c3a /tmp/tmp.eJY41DHJLM.o
                0x0000000000019d90                core::num::int_log10::panic_for_nonpositive_argument
                0x0000000000019e00                core::num::int_sqrt::panic_for_negative_argument
                0x0000000000019e70                core::num::overflow_panic::add
                0x0000000000019ee0                core::num::overflow_panic::sub
                0x0000000000019f50                core::num::overflow_panic::mul
                0x0000000000019fc0                core::num::overflow_panic::div
                0x000000000001a030                core::num::overflow_panic::rem
                0x000000000001a0a0                core::num::overflow_panic::neg
                0x000000000001a110                core::num::overflow_panic::shr
                0x000000000001a180                core::num::overflow_panic::shl
                0x000000000001a1f0                core::num::from_ascii_radix_panic
                0x000000000001a240                core::cell::lazy::panic_poisoned
                0x000000000001a2b0                core::cell::panic_already_borrowed
                0x000000000001a340                core::cell::panic_already_mutably_borrowed
                0x000000000001a3d0                core::option::unwrap_failed
                0x000000000001a420                core::option::expect_failed
                0x000000000001a4c0                core::panicking::panic_fmt
                0x000000000001a520                core::panicking::panic_nounwind_fmt
                0x000000000001a5e0                core::panicking::panic
                0x000000000001a660                core::panicking::panic_nounwind
                0x000000000001a6e0                core::panicking::panic_nounwind_nobacktrace
                0x000000000001a770                core::panicking::panic_explicit
                0x000000000001a7fd                core::panicking::panic_bounds_check
                0x000000000001a895                core::panicking::panic_misaligned_pointer_dereference
                0x000000000001a973                core::panicking::panic_null_pointer_dereference
                0x000000000001a9db                core::panicking::panic_cannot_unwind
                0x000000000001aa1d                core::panicking::panic_in_cleanup
                0x000000000001aa5f                core::panicking::assert_failed
                0x000000000001aad3                core::panicking::assert_failed
                0x000000000001ab47                core::panicking::assert_failed_inner
                0x000000000001ad80                core::result::unwrap_failed
                0x000000000001ae50                core::slice::sort::shared::smallsort::panic_on_ord_violation
                0x000000000001aec0                core::slice::index::slice_start_index_len_fail
                0x000000000001af10                core::slice::index::slice_end_index_len_fail
                0x000000000001af60                core::slice::index::slice_index_order_fail
                0x000000000001afb0                core::slice::index::slice_start_index_overflow_fail
                0x000000000001b020                core::slice::index::slice_end_index_overflow_fail
                0x000000000001b090                core::slice::<impl [T]>::copy_from_slice::len_mismatch_fail
                0x000000000001b0e0                core::str::traits::str_index_overflow_fail
                0x000000000001b150                core::str::slice_error_fail
                0x000000000001b1b0                core::intrinsics::mir::Offset::panic_cold_explicit
                0x000000000001b1b0                core::intrinsics::mir::PtrMetadata::panic_cold_explicit
                0x000000000001b1b0                core::intrinsics::mir::UnwindResume::panic_cold_explicit
                0x000000000001b1b0                core::intrinsics::mir::Retag::panic_cold_explicit
                0x000000000001b1b0                core::intrinsics::mir::Checked::panic_cold_explicit
                0x000000000001b1b0                core::intrinsics::mir::Call::panic_cold_explicit
                0x000000000001b1b0                core::intrinsics::mir::CastPtrToPtr::panic_cold_explicit
                0x000000000001b1b0                core::intrinsics::mir::CastTransmute::panic_cold_explicit
                0x000000000001b1b0                core::intrinsics::mir::UnwindUnreachable::panic_cold_explicit
                0x000000000001b1b0                core::intrinsics::mir::Drop::panic_cold_explicit
                0x000000000001b1b0                core::intrinsics::mir::StorageDead::panic_cold_explicit
                0x000000000001b1b0                core::intrinsics::mir::Assume::panic_cold_explicit
                0x000000000001b1b0                core::intrinsics::mir::StorageLive::panic_cold_explicit
                0x000000000001b1b0                core::intrinsics::mir::Variant::panic_cold_explicit
                0x000000000001b1b0                core::intrinsics::mir::__debuginfo::panic_cold_explicit
                0x000000000001b1b0                core::intrinsics::mir::Unreachable::panic_cold_explicit
                0x000000000001b1b0                core::intrinsics::mir::Move::panic_cold_explicit
                0x000000000001b1b0                core::intrinsics::mir::SetDiscriminant::panic_cold_explicit
                0x000000000001b1b0                core::intrinsics::mir::Deinit::panic_cold_explicit
                0x000000000001b1b0                core::intrinsics::mir::TailCall::panic_cold_explicit
                0x000000000001b1b0                core::intrinsics::mir::Return::panic_cold_explicit
                0x000000000001b1b0                core::intrinsics::mir::CopyForDeref::panic_cold_explicit
                0x000000000001b1b0                core::intrinsics::mir::Len::panic_cold_explicit
                0x000000000001b1b0                core::intrinsics::mir::Static::panic_cold_explicit
                0x000000000001b1b0                core::intrinsics::mir::Goto::panic_cold_explicit
                0x000000000001b1b0                core::intrinsics::mir::__internal_make_place::panic_cold_explicit
                0x000000000001b1b0                core::intrinsics::mir::UnwindCleanup::panic_cold_explicit
                0x000000000001b1b0                core::intrinsics::mir::Field::panic_cold_explicit
                0x000000000001b1b0                core::intrinsics::mir::UnwindContinue::panic_cold_explicit
                0x000000000001b1b0                core::intrinsics::mir::StaticMut::panic_cold_explicit
                0x000000000001b1b0                core::intrinsics::mir::UnwindTerminate::panic_cold_explicit
                0x000000000001b1b0                core::intrinsics::mir::ReturnTo::panic_cold_explicit
                0x000000000001b1b0                core::intrinsics::mir::Discriminant::panic_cold_explicit
                0x000000000001b1f0                core::panicking::panic_const::panic_const_add_overflow
                0x000000000001b260                core::panicking::panic_const::panic_const_sub_overflow
                0x000000000001b2d0                core::panicking::panic_const::panic_const_mul_overflow
                0x000000000001b340                core::panicking::panic_const::panic_const_div_overflow
                0x000000000001b3b0                core::panicking::panic_const::panic_const_rem_overflow
                0x000000000001b420                core::panicking::panic_const::panic_const_neg_overflow
                0x000000000001b490                core::panicking::panic_const::panic_const_shr_overflow
                0x000000000001b500                core::panicking::panic_const::panic_const_shl_overflow
                0x000000000001b570                core::panicking::panic_const::panic_const_div_by_zero
                0x000000000001b5e0                core::panicking::panic_const::panic_const_rem_by_zero
                0x000000000001b650                core::panicking::panic_const::panic_const_coroutine_resumed
                0x000000000001b6c0                core::panicking::panic_const::panic_const_async_fn_resumed
                0x000000000001b730                core::panicking::panic_const::panic_const_async_gen_fn_resumed
                0x000000000001b7a0                core::panicking::panic_const::panic_const_gen_fn_none
                0x000000000001b810                core::panicking::panic_const::panic_const_coroutine_resumed_panic
                0x000000000001b880                core::panicking::panic_const::panic_const_async_fn_resumed_panic
                0x000000000001b8f0                core::panicking::panic_const::panic_const_async_gen_fn_resumed_panic
                0x000000000001b960                core::panicking::panic_const::panic_const_gen_fn_none_panic
 *fill*         0x000000000001b9ca        0x6 
 .text.unlikely.
                0x000000000001b9d0     0x516a /tmp/tmp.hh55dW2iTH.o
                0x000000000001ba1e                core::panicking::assert_failed
                0x000000000001ba92                core::panicking::assert_failed
                0x000000000001bb06                core::panicking::assert_failed
                0x000000000001c550                std::thread::local::panic_access_error
                0x000000000001c650                std::io::buffered::bufwriter::BufWriter<W>::write_cold
                0x000000000001c8a0                std::io::buffered::bufwriter::BufWriter<W>::write_all_cold
                0x000000000001cc90                std::process::abort
                0x000000000001ccd0                std::sync::mpmc::context::Context::new
                0x000000000001d110                std::sync::lazy_lock::panic_poisoned
                0x000000000001ea20                std::panicking::panic_count::is_zero_slow_path
                0x000000000001ea73                std::panicking::try::cleanup
                0x000000000001eaf3                std::panicking::begin_panic
                0x000000000001ec30                std::sys::sync::mutex::futex::Mutex::lock_contended
                0x000000000001efc0                std::sys::sync::mutex::futex::Mutex::wake
                0x000000000001f580                std::sys::sync::once::futex::Once::call
                0x000000000001fd20                std::sys::sync::rwlock::futex::RwLock::read_contended
                0x00000000000201f0                std::sys::sync::rwlock::futex::RwLock::write_contended
                0x0000000000020630                std::sys::sync::rwlock::futex::RwLock::wake_writer_or_readers
 *fill*         0x0000000000020b3a        0x6 
 .text.unlikely.
                0x0000000000020b40     0x2b3a /tmp/tmp.JIfjUeffNV.o
                0x0000000000021700                hashbrown::raw::RawTable<T,A>::reserve_rehash
                0x00000000000221d0                hashbrown::raw::RawTable<T,A>::reserve_rehash
                0x0000000000022ca0                hashbrown::raw::RawTable<T,A>::reserve_rehash
 *(.text.exit .text.exit.*)
 *(.text.startup .text.startup.*)
 *(.text.hot .text.hot.*)
 *(SORT_BY_NAME(.text.sorted.*))
 *(.text .stub .text.* .gnu.linkonce.t.*)
 *fill*         0x000000000002367a        0x6 
 .text          0x0000000000023680       0xb9 /usr/lib/gcc/x86_64-linux-gnu/13/crtbeginS.o
 *fill*         0x0000000000023739        0x7 
 .text          0x0000000000023740      0x64f /tmp/tmp.9xHYg3NC4M.o
                0x0000000000023870                <hashbrown::control::tag::Tag as core::fmt::Debug>::fmt
                0x00000000000239e0                hashbrown::raw::Fallibility::capacity_overflow
                0x0000000000023a60                hashbrown::raw::Fallibility::alloc_err
                0x0000000000023ac0                hashbrown::raw::RawIterHashInner::new
                0x0000000000023b60                <hashbrown::raw::RawIterHashInner as core::iter::traits::iterator::Iterator>::next
 *fill*         0x0000000000023d8f        0x1 
 .text          0x0000000000023d90     0x1394 /tmp/tmp.lpB0xUSWr6.o
                0x0000000000023d90                std::io::error::Error::new
                0x00000000000242c0                <rand_core::error::Error as core::fmt::Debug>::fmt
                0x0000000000024370                <rand_core::error::Error as core::fmt::Display>::fmt
                0x0000000000024480                <rand_core::error::ErrorCode as core::fmt::Display>::fmt
                0x0000000000024530                rand_core::impls::fill_via_u32_chunks
                0x00000000000246a0                rand_core::impls::fill_via_u64_chunks
                0x0000000000024810                <rand_core::os::OsRng as rand_core::RngCore>::next_u32
                0x0000000000024870                <rand_core::os::OsRng as rand_core::RngCore>::next_u64
                0x00000000000248e0                <rand_core::os::OsRng as rand_core::RngCore>::fill_bytes
                0x0000000000024b10                <rand_core::os::OsRng as rand_core::RngCore>::try_fill_bytes
                0x0000000000024c70                rand_core::SeedableRng::seed_from_u64::pcg32
                0x0000000000024cf0                <dyn rand_core::RngCore as std::io::Read>::read
 *fill*         0x0000000000025124        0xc 
 .text          0x0000000000025130      0x4cb /tmp/tmp.DsVgnU7944.o
                0x0000000000025180                std_detect::detect::arch::x86::Feature::to_str
 *fill*         0x00000000000255fb        0x5 
 .text          0x0000000000025600      0x6f7 /tmp/tmp.QrDBjMqrDU.o
                0x00000000000259a0                __rust_panic_cleanup
                0x0000000000025b10                __rust_start_panic
 *fill*         0x0000000000025cf7        0x9 
 .text          0x0000000000025d00     0x3938 /tmp/tmp.9DVtQk9wfQ.o
                0x0000000000026050                ryu::pretty::format64
                0x0000000000027830                ryu::pretty::format32
 *fill*         0x0000000000029638        0x8 
 .text          0x0000000000029640     0x18b7 /tmp/tmp.5gmdayVme5.o
                0x0000000000029640                std::io::error::Error::new
                0x0000000000029a80                <getrandom::error::Error as core::fmt::Debug>::fmt
                0x0000000000029fd0                <getrandom::error::Error as core::fmt::Display>::fmt
                0x000000000002a510                getrandom::error_impls::<impl core::convert::From<getrandom::error::Error> for std::io::error::Error>::from
                0x000000000002a5f0                getrandom::imp::getrandom_inner
 *fill*         0x000000000002aef7        0x9 
 .text          0x000000000002af00     0x17f0 /tmp/tmp.W5YAZ5d2T2.o
                0x000000000002b3e0                alloc::rc::Rc<T,A>::drop_slow
                0x000000000002b4c0                <rand::distributions::bernoulli::BernoulliError as core::fmt::Display>::fmt
                0x000000000002b520                <rand::distributions::slice::EmptySlice as core::fmt::Display>::fmt
                0x000000000002b580                <rand::distributions::weighted_index::WeightedError as core::fmt::Display>::fmt
                0x000000000002b600                <rand::rngs::adapter::read::ReadError as core::fmt::Display>::fmt
                0x000000000002b6b0                rand::rngs::adapter::reseeding::ReseedingCore<R,Rsdr>::reseed_and_generate
                0x000000000002b980                rand::rngs::adapter::reseeding::fork::get_fork_counter
                0x000000000002b9e0                rand::rngs::adapter::reseeding::fork::register_fork_handler
                0x000000000002ba90                <rand::rngs::xoshiro256plusplus::Xoshiro256PlusPlus as rand_core::SeedableRng>::seed_from_u64
                0x000000000002bd00                rand::rngs::thread::thread_rng
                0x000000000002bd00                <rand::rngs::thread::ThreadRng as core::default::Default>::default
                0x000000000002be20                <rand::rngs::thread::ThreadRng as rand_core::RngCore>::fill_bytes
                0x000000000002c0e0                <rand::rngs::thread::ThreadRng as rand_core::RngCore>::try_fill_bytes
                0x000000000002c3a0                <rand::seq::index::IndexVec as core::cmp::PartialEq>::eq
 .text          0x000000000002c6f0     0x3b1d /tmp/tmp.Klt5gZXCrR.o
                0x000000000002c910                <serde::de::value::Error as core::fmt::Debug>::fmt
                0x000000000002c9a0                <serde::de::value::ExpectedInSeq as serde::de::Expected>::fmt
                0x000000000002cad0                <serde::de::value::ExpectedInMap as serde::de::Expected>::fmt
                0x000000000002cc00                serde::de::format::Buf::as_str
                0x000000000002cca0                <serde::de::format::Buf as core::fmt::Write>::write_str
                0x000000000002cdd0                <serde::de::ignored_any::IgnoredAny as serde::de::Visitor>::expecting
                0x000000000002ce30                <serde::de::impls::UnitVisitor as serde::de::Visitor>::expecting
                0x000000000002ce90                <serde::de::impls::BoolVisitor as serde::de::Visitor>::expecting
                0x000000000002cef0                <serde::de::impls::CharVisitor as serde::de::Visitor>::expecting
                0x000000000002cf50                <serde::de::impls::StringVisitor as serde::de::Visitor>::expecting
                0x000000000002cf50                <serde::__private::de::borrow_cow_str::CowStrVisitor as serde::de::Visitor>::expecting
                0x000000000002cfb0                <serde::de::impls::StringInPlaceVisitor as serde::de::Visitor>::expecting
                0x000000000002d010                <serde::de::impls::StrVisitor as serde::de::Visitor>::expecting
                0x000000000002d070                <serde::de::impls::BytesVisitor as serde::de::Visitor>::expecting
                0x000000000002d0d0                <serde::de::impls::CStringVisitor as serde::de::Visitor>::expecting
                0x000000000002d130                <serde::de::impls::PathVisitor as serde::de::Visitor>::expecting
                0x000000000002d190                <serde::de::impls::PathBufVisitor as serde::de::Visitor>::expecting
                0x000000000002d1f0                <serde::de::impls::OsStringVisitor as serde::de::Visitor>::expecting
                0x000000000002d250                <<serde::de::impls::<impl serde::de::Deserialize for core::time::Duration>::deserialize::Field as serde::de::Deserialize>::deserialize::FieldVisitor as serde::de::Visitor>::expecting
                0x000000000002d2b0                <serde::de::impls::<impl serde::de::Deserialize for core::time::Duration>::deserialize::DurationVisitor as serde::de::Visitor>::expecting
                0x000000000002d310                <<serde::de::impls::<impl serde::de::Deserialize for std::time::SystemTime>::deserialize::Field as serde::de::Deserialize>::deserialize::FieldVisitor as serde::de::Visitor>::expecting
                0x000000000002d370                <serde::de::impls::<impl serde::de::Deserialize for std::time::SystemTime>::deserialize::DurationVisitor as serde::de::Visitor>::expecting
                0x000000000002d3d0                <<serde::de::impls::range::Field as serde::de::Deserialize>::deserialize::FieldVisitor as serde::de::Visitor>::expecting
                0x000000000002d430                <<serde::de::impls::range_from::Field as serde::de::Deserialize>::deserialize::FieldVisitor as serde::de::Visitor>::expecting
                0x000000000002d490                <<serde::de::impls::range_to::Field as serde::de::Deserialize>::deserialize::FieldVisitor as serde::de::Visitor>::expecting
                0x000000000002d4f0                <<serde::de::impls::<impl serde::de::Deserialize for core::ops::range::Bound<T>>::deserialize::Field as serde::de::Deserialize>::deserialize::FieldVisitor as serde::de::Visitor>::expecting
                0x000000000002d550                <<serde::de::impls::<impl serde::de::Deserialize for core::result::Result<T,E>>::deserialize::Field as serde::de::Deserialize>::deserialize::FieldVisitor as serde::de::Visitor>::expecting
                0x000000000002d5b0                <serde::de::Unexpected as core::fmt::Display>::fmt
                0x000000000002db60                <&str as serde::de::Expected>::fmt
                0x000000000002db60                <serde::de::value::Error as core::fmt::Display>::fmt
                0x000000000002dbc0                <dyn serde::de::Expected as core::fmt::Display>::fmt
                0x000000000002dc20                <serde::de::OneOf as core::fmt::Display>::fmt
                0x000000000002e090                <serde::de::WithDecimalPoint as core::fmt::Display>::fmt
                0x000000000002e210                <<serde::de::WithDecimalPoint as core::fmt::Display>::fmt::LookForDecimalPoint as core::fmt::Write>::write_str
                0x000000000002e3a0                <<serde::de::WithDecimalPoint as core::fmt::Display>::fmt::LookForDecimalPoint as core::fmt::Write>::write_char
                0x000000000002e400                serde::ser::fmt::<impl serde::ser::Serializer for &mut core::fmt::Formatter>::serialize_unit_variant
                0x000000000002e460                <serde::__private::de::borrow_cow_bytes::CowBytesVisitor as serde::de::Visitor>::expecting
                0x000000000002e4c0                serde::__private::de::content::Content::as_str
                0x000000000002e610                <serde::__private::de::content::ContentVisitor as serde::de::Visitor>::expecting
                0x000000000002e670                <serde::__private::de::content::TagOrContentVisitor as serde::de::Visitor>::expecting
                0x000000000002e720                <serde::__private::de::content::TagOrContentFieldVisitor as serde::de::Visitor>::expecting
                0x000000000002e7e0                <serde::__private::de::content::TagContentOtherFieldVisitor as serde::de::Visitor>::expecting
                0x000000000002e8a0                <serde::__private::de::content::UntaggedUnitVisitor as serde::de::Visitor>::expecting
                0x000000000002e8a0                <serde::__private::de::content::InternallyTaggedUnitVisitor as serde::de::Visitor>::expecting
                0x000000000002e960                serde::__private::de::flat_map_take_entry
                0x000000000002ecc0                <serde::__private::ser::Unsupported as core::fmt::Display>::fmt
                0x000000000002eff0                <serde::__private::doc::Error as core::error::Error>::description
                0x000000000002f040                <serde::__private::doc::Error as core::fmt::Display>::fmt
                0x000000000002f090                serde::__private::string::from_utf8_lossy
                0x000000000002f0f0                <serde::de::impls::<impl serde::de::Deserialize for core::num::nonzero::NonZero<i8>>::deserialize::NonZeroVisitor as serde::de::Visitor>::expecting
                0x000000000002f150                <serde::de::impls::<impl serde::de::Deserialize for i8>::deserialize::PrimitiveVisitor as serde::de::Visitor>::expecting
                0x000000000002f1b0                <serde::de::impls::<impl serde::de::Deserialize for core::num::nonzero::NonZero<i16>>::deserialize::NonZeroVisitor as serde::de::Visitor>::expecting
                0x000000000002f210                <serde::de::impls::<impl serde::de::Deserialize for i16>::deserialize::PrimitiveVisitor as serde::de::Visitor>::expecting
                0x000000000002f270                <serde::de::impls::<impl serde::de::Deserialize for core::num::nonzero::NonZero<i32>>::deserialize::NonZeroVisitor as serde::de::Visitor>::expecting
                0x000000000002f2d0                <serde::de::impls::<impl serde::de::Deserialize for i32>::deserialize::PrimitiveVisitor as serde::de::Visitor>::expecting
                0x000000000002f330                <serde::de::impls::<impl serde::de::Deserialize for core::num::nonzero::NonZero<i64>>::deserialize::NonZeroVisitor as serde::de::Visitor>::expecting
                0x000000000002f390                <serde::de::impls::<impl serde::de::Deserialize for i64>::deserialize::PrimitiveVisitor as serde::de::Visitor>::expecting
                0x000000000002f3f0                <serde::de::impls::<impl serde::de::Deserialize for core::num::nonzero::NonZero<isize>>::deserialize::NonZeroVisitor as serde::de::Visitor>::expecting
                0x000000000002f450                <serde::de::impls::<impl serde::de::Deserialize for isize>::deserialize::PrimitiveVisitor as serde::de::Visitor>::expecting
                0x000000000002f4b0                <serde::de::impls::<impl serde::de::Deserialize for core::num::nonzero::NonZero<u8>>::deserialize::NonZeroVisitor as serde::de::Visitor>::expecting
                0x000000000002f510                <serde::de::impls::<impl serde::de::Deserialize for u8>::deserialize::PrimitiveVisitor as serde::de::Visitor>::expecting
                0x000000000002f570                <serde::de::impls::<impl serde::de::Deserialize for core::num::nonzero::NonZero<u16>>::deserialize::NonZeroVisitor as serde::de::Visitor>::expecting
                0x000000000002f5d0                <serde::de::impls::<impl serde::de::Deserialize for u16>::deserialize::PrimitiveVisitor as serde::de::Visitor>::expecting
                0x000000000002f630                <serde::de::impls::<impl serde::de::Deserialize for core::num::nonzero::NonZero<u32>>::deserialize::NonZeroVisitor as serde::de::Visitor>::expecting
                0x000000000002f690                <serde::de::impls::<impl serde::de::Deserialize for u32>::deserialize::PrimitiveVisitor as serde::de::Visitor>::expecting
                0x000000000002f6f0                <serde::de::impls::<impl serde::de::Deserialize for core::num::nonzero::NonZero<u64>>::deserialize::NonZeroVisitor as serde::de::Visitor>::expecting
                0x000000000002f750                <serde::de::impls::<impl serde::de::Deserialize for u64>::deserialize::PrimitiveVisitor as serde::de::Visitor>::expecting
                0x000000000002f7b0                <serde::de::impls::<impl serde::de::Deserialize for core::num::nonzero::NonZero<usize>>::deserialize::NonZeroVisitor as serde::de::Visitor>::expecting
                0x000000000002f810                <serde::de::impls::<impl serde::de::Deserialize for usize>::deserialize::PrimitiveVisitor as serde::de::Visitor>::expecting
                0x000000000002f870                <serde::de::impls::<impl serde::de::Deserialize for f32>::deserialize::PrimitiveVisitor as serde::de::Visitor>::expecting
                0x000000000002f8d0                <serde::de::impls::<impl serde::de::Deserialize for f64>::deserialize::PrimitiveVisitor as serde::de::Visitor>::expecting
                0x000000000002f930                <serde::de::impls::<impl serde::de::Deserialize for core::num::nonzero::NonZero<i128>>::deserialize::NonZeroVisitor as serde::de::Visitor>::expecting
                0x000000000002f990                <serde::de::impls::<impl serde::de::Deserialize for i128>::deserialize::PrimitiveVisitor as serde::de::Visitor>::expecting
                0x000000000002f9f0                <serde::de::impls::<impl serde::de::Deserialize for core::num::nonzero::NonZero<u128>>::deserialize::NonZeroVisitor as serde::de::Visitor>::expecting
                0x000000000002fa50                <serde::de::impls::<impl serde::de::Deserialize for u128>::deserialize::PrimitiveVisitor as serde::de::Visitor>::expecting
                0x000000000002fab0                <serde::de::impls::<impl serde::de::Deserialize for core::net::ip_addr::IpAddr>::deserialize::EnumVisitor as serde::de::Visitor>::expecting
                0x000000000002fb10                <<serde::de::impls::<impl serde::de::Deserialize for core::net::ip_addr::IpAddr>::deserialize::IpAddrKind as serde::de::Deserialize>::deserialize::KindVisitor as serde::de::Visitor>::expecting
                0x000000000002fb10                <<serde::de::impls::<impl serde::de::Deserialize for core::net::socket_addr::SocketAddr>::deserialize::SocketAddrKind as serde::de::Deserialize>::deserialize::KindVisitor as serde::de::Visitor>::expecting
                0x000000000002fb70                <serde::de::impls::<impl serde::de::Deserialize for core::net::socket_addr::SocketAddr>::deserialize::EnumVisitor as serde::de::Visitor>::expecting
                0x000000000002fbd0                <<serde::de::impls::OsStringKind as serde::de::Deserialize>::deserialize::KindVisitor as serde::de::Visitor>::expecting
                0x000000000002fc30                serde::ser::fmt::<impl serde::ser::Serializer for &mut core::fmt::Formatter>::serialize_bool
                0x000000000002fc90                serde::ser::fmt::<impl serde::ser::Serializer for &mut core::fmt::Formatter>::serialize_i8
                0x000000000002fcf0                serde::ser::fmt::<impl serde::ser::Serializer for &mut core::fmt::Formatter>::serialize_i16
                0x000000000002fd50                serde::ser::fmt::<impl serde::ser::Serializer for &mut core::fmt::Formatter>::serialize_i32
                0x000000000002fdb0                serde::ser::fmt::<impl serde::ser::Serializer for &mut core::fmt::Formatter>::serialize_i64
                0x000000000002fe10                serde::ser::fmt::<impl serde::ser::Serializer for &mut core::fmt::Formatter>::serialize_i128
                0x000000000002fe80                serde::ser::fmt::<impl serde::ser::Serializer for &mut core::fmt::Formatter>::serialize_u8
                0x000000000002fee0                serde::ser::fmt::<impl serde::ser::Serializer for &mut core::fmt::Formatter>::serialize_u16
                0x000000000002ff40                serde::ser::fmt::<impl serde::ser::Serializer for &mut core::fmt::Formatter>::serialize_u32
                0x000000000002ffa0                serde::ser::fmt::<impl serde::ser::Serializer for &mut core::fmt::Formatter>::serialize_u64
                0x0000000000030000                serde::ser::fmt::<impl serde::ser::Serializer for &mut core::fmt::Formatter>::serialize_u128
                0x0000000000030070                serde::ser::fmt::<impl serde::ser::Serializer for &mut core::fmt::Formatter>::serialize_f32
                0x00000000000300e0                serde::ser::fmt::<impl serde::ser::Serializer for &mut core::fmt::Formatter>::serialize_f64
                0x0000000000030150                serde::ser::fmt::<impl serde::ser::Serializer for &mut core::fmt::Formatter>::serialize_char
                0x00000000000301b0                serde::ser::fmt::<impl serde::ser::Serializer for &mut core::fmt::Formatter>::serialize_str
                0x00000000000301b0                serde::ser::fmt::<impl serde::ser::Serializer for &mut core::fmt::Formatter>::serialize_unit_struct
 *fill*         0x000000000003020d        0x3 
 .text          0x0000000000030210     0x4e33 /tmp/tmp.WdbYIqQG0b.o
                0x0000000000030450                alloc::raw_vec::RawVec<T,A>::grow_one
                0x0000000000030690                ndarray::arrayformat::format_with_overflow
                0x0000000000030b20                <ndarray::error::ShapeError as core::fmt::Display>::fmt
                0x0000000000030ca0                <ndarray::error::ShapeError as core::fmt::Debug>::fmt
                0x0000000000030d50                ndarray::layout::layoutfmt::<impl core::fmt::Debug for ndarray::layout::Layout>::fmt
                0x00000000000313f0                <ndarray::slice::SliceInfoElem as core::fmt::Display>::fmt
                0x00000000000318a0                <[ndarray::slice::SliceInfoElem] as ndarray::slice::SliceArg<ndarray::dimension::dim::Dim<ndarray::dimension::dynindeximpl::IxDynImpl>>>::in_ndim
                0x0000000000031aa0                <[ndarray::slice::SliceInfoElem] as ndarray::slice::SliceArg<ndarray::dimension::dim::Dim<ndarray::dimension::dynindeximpl::IxDynImpl>>>::out_ndim
                0x0000000000031ca0                <ndarray::low_level_util::AbortIfPanic as core::ops::drop::Drop>::drop
                0x0000000000031d30                ndarray::dimension::dimension_trait::<impl core::ops::index::IndexMut<usize> for ndarray::dimension::dim::Dim<ndarray::dimension::dynindeximpl::IxDynImpl>>::index_mut
                0x0000000000031d30                ndarray::dimension::dimension_trait::<impl core::ops::index::Index<usize> for ndarray::dimension::dim::Dim<ndarray::dimension::dynindeximpl::IxDynImpl>>::index
                0x0000000000031e10                <ndarray::dimension::dynindeximpl::IxDynRepr<usize> as core::default::Default>::default
                0x0000000000031e80                ndarray::dimension::dynindeximpl::IxDynImpl::insert
                0x00000000000326d0                ndarray::dimension::dynindeximpl::<impl ndarray::dimension::remove_axis::RemoveAxis for ndarray::dimension::dim::Dim<ndarray::dimension::dynindeximpl::IxDynImpl>>::remove_axis
                0x0000000000032dd0                ndarray::dimension::ndindex::<impl ndarray::dimension::conversion::IntoDimension for &[usize]>::into_dimension
                0x0000000000033040                <&ndarray::dimension::dim::Dim<ndarray::dimension::dynindeximpl::IxDynImpl> as ndarray::dimension::ndindex::NdIndex<ndarray::dimension::dim::Dim<ndarray::dimension::dynindeximpl::IxDynImpl>>>::index_checked
                0x00000000000331f0                <&ndarray::dimension::dim::Dim<ndarray::dimension::dynindeximpl::IxDynImpl> as ndarray::dimension::ndindex::NdIndex<ndarray::dimension::dim::Dim<ndarray::dimension::dynindeximpl::IxDynImpl>>>::index_unchecked
                0x00000000000334a0                <&[usize] as ndarray::dimension::ndindex::NdIndex<ndarray::dimension::dim::Dim<ndarray::dimension::dynindeximpl::IxDynImpl>>>::index_checked
                0x0000000000033630                <&[usize] as ndarray::dimension::ndindex::NdIndex<ndarray::dimension::dim::Dim<ndarray::dimension::dynindeximpl::IxDynImpl>>>::index_unchecked
                0x00000000000338c0                ndarray::dimension::do_slice
                0x0000000000033c60                ndarray::dimension::arith_seq_intersect
                0x0000000000034530                ndarray::dimension::slice_min_max
                0x00000000000348e0                ndarray::dimension::conversion::<impl num_traits::identities::Zero for ndarray::dimension::dim::Dim<[usize; 0]>>::is_zero
                0x00000000000348f0                ndarray::dimension::conversion::<impl num_traits::identities::Zero for ndarray::dimension::dim::Dim<[usize; 1]>>::is_zero
                0x0000000000034940                ndarray::dimension::conversion::<impl num_traits::identities::Zero for ndarray::dimension::dim::Dim<[usize; 2]>>::is_zero
                0x0000000000034990                ndarray::dimension::conversion::<impl num_traits::identities::Zero for ndarray::dimension::dim::Dim<[usize; 3]>>::is_zero
                0x00000000000349e0                ndarray::dimension::conversion::<impl num_traits::identities::Zero for ndarray::dimension::dim::Dim<[usize; 4]>>::is_zero
                0x0000000000034a30                ndarray::dimension::conversion::<impl num_traits::identities::Zero for ndarray::dimension::dim::Dim<[usize; 5]>>::is_zero
                0x0000000000034a90                ndarray::dimension::conversion::<impl num_traits::identities::Zero for ndarray::dimension::dim::Dim<[usize; 6]>>::is_zero
                0x0000000000034af0                <ndarray::dimension::dim::Dim<[usize; 6]> as ndarray::dimension::dimension_trait::Dimension>::insert_axis
 *fill*         0x0000000000035043        0xd 
 .text          0x0000000000035050     0x6f1a /tmp/tmp.GldNgEtKKU.o
                0x0000000000037780                alloc::raw_vec::RawVec<T,A>::grow_one
                0x0000000000037a20                anyhow::chain::<impl core::iter::traits::iterator::Iterator for anyhow::Chain>::next
                0x0000000000037b80                anyhow::chain::<impl core::iter::traits::iterator::Iterator for anyhow::Chain>::size_hint
                0x0000000000037d30                anyhow::chain::<impl core::iter::traits::double_ended::DoubleEndedIterator for anyhow::Chain>::next_back
                0x00000000000381b0                anyhow::chain::<impl core::iter::traits::exact_size::ExactSizeIterator for anyhow::Chain>::len
                0x0000000000038320                anyhow::chain::<impl core::default::Default for anyhow::Chain>::default
                0x0000000000038380                <anyhow::context::Quoted<&mut core::fmt::Formatter> as core::fmt::Write>::write_str
                0x0000000000038400                <anyhow::ensure::Buf as core::fmt::Write>::write_str
                0x0000000000038560                anyhow::ensure::render
                0x0000000000038c70                anyhow::error::<impl anyhow::Error>::backtrace
                0x0000000000038da0                anyhow::error::<impl anyhow::Error>::root_cause
                0x0000000000038e90                anyhow::error::<impl anyhow::Error>::provide
                0x0000000000039000                anyhow::error::<impl anyhow::Error>::thiserror_provide
                0x0000000000039170                anyhow::error::<impl core::ops::deref::Deref for anyhow::Error>::deref
                0x0000000000039170                anyhow::error::<impl core::ops::deref::DerefMut for anyhow::Error>::deref_mut
                0x00000000000391d0                anyhow::error::<impl core::fmt::Display for anyhow::Error>::fmt
                0x0000000000039a40                anyhow::error::<impl core::fmt::Debug for anyhow::Error>::fmt
                0x0000000000039aa0                anyhow::error::<impl core::ops::drop::Drop for anyhow::Error>::drop
                0x000000000003a400                anyhow::error::ErrorImpl::error
                0x000000000003a460                anyhow::error::ErrorImpl::provide
                0x000000000003a800                anyhow::error::<impl core::convert::From<anyhow::Error> for alloc::boxed::Box<dyn core::error::Error+core::marker::Send>>::from
                0x000000000003a800                anyhow::error::<impl core::convert::From<anyhow::Error> for alloc::boxed::Box<dyn core::error::Error>>::from
                0x000000000003a860                anyhow::error::<impl core::convert::AsRef<dyn core::error::Error+core::marker::Sync+core::marker::Send> for anyhow::Error>::as_ref
                0x000000000003a860                anyhow::error::<impl core::convert::AsRef<dyn core::error::Error> for anyhow::Error>::as_ref
                0x000000000003a8c0                anyhow::fmt::<impl anyhow::error::ErrorImpl>::debug
                0x000000000003bdf0                <anyhow::wrapper::BoxedError as core::fmt::Debug>::fmt
                0x000000000003be50                <anyhow::wrapper::BoxedError as core::fmt::Display>::fmt
                0x000000000003beb0                <anyhow::wrapper::BoxedError as core::error::Error>::source
                0x000000000003bf10                <anyhow::wrapper::BoxedError as core::error::Error>::provide
 *fill*         0x000000000003bf6a        0x6 
 .text          0x000000000003bf70     0x5171 /tmp/tmp.kuRSNrJRBX.o
                0x000000000003c0d0                tig_challenges::satisfiability::Challenge::generate_instance
                0x0000000000040ed0                <<tig_challenges::satisfiability::Track as serde::de::Deserialize>::deserialize::VisitorImpl as serde::de::Visitor>::expecting
                0x0000000000040f20                <<tig_challenges::satisfiability::Solution as serde::de::Deserialize>::deserialize::VisitorImpl as serde::de::Visitor>::expecting
                0x0000000000040f70                <tig_challenges::satisfiability::_::<impl serde::de::Deserialize for tig_challenges::satisfiability::SolutionData>::deserialize::__Visitor as serde::de::Visitor>::expecting
                0x0000000000040fc0                <tig_challenges::satisfiability::_::<impl serde::de::Deserialize for tig_challenges::satisfiability::SolutionData>::deserialize::__FieldVisitor as serde::de::Visitor>::expecting
                0x0000000000040fc0                <tig_challenges::satisfiability::_::<impl serde::de::Deserialize for tig_challenges::satisfiability::Challenge>::deserialize::__FieldVisitor as serde::de::Visitor>::expecting
                0x0000000000041010                <tig_challenges::satisfiability::_::<impl serde::de::Deserialize for tig_challenges::satisfiability::Challenge>::deserialize::__Visitor as serde::de::Visitor>::expecting
                0x0000000000041060                __check_fuel
                0x0000000000041090                __commit_tls
 *fill*         0x00000000000410e1        0xf 
 .text          0x00000000000410f0     0x618d /tmp/tmp.FFCdlisyKd.o
                0x00000000000410f0                rand_chacha::chacha::abstract20::<impl core::convert::From<&rand_chacha::chacha::abstract20::ChaCha20Rng> for rand_chacha::chacha::ChaCha20Rng>::from
                0x0000000000041a50                rand_chacha::chacha::abstract12::<impl core::convert::From<&rand_chacha::chacha::abstract12::ChaCha12Rng> for rand_chacha::chacha::ChaCha12Rng>::from
                0x00000000000423b0                <rand_chacha::chacha::ChaCha12Core as core::fmt::Debug>::fmt
                0x00000000000423b0                <rand_chacha::chacha::ChaCha20Core as core::fmt::Debug>::fmt
                0x00000000000423b0                <rand_chacha::chacha::ChaCha8Core as core::fmt::Debug>::fmt
                0x0000000000042410                <rand_chacha::chacha::ChaCha20Rng as core::convert::From<rand_chacha::chacha::ChaCha20Core>>::from
                0x0000000000042410                <rand_chacha::chacha::ChaCha12Rng as core::convert::From<rand_chacha::chacha::ChaCha12Core>>::from
                0x0000000000042410                <rand_chacha::chacha::ChaCha8Rng as core::convert::From<rand_chacha::chacha::ChaCha8Core>>::from
                0x0000000000042510                <rand_chacha::chacha::ChaCha8Rng as core::cmp::PartialEq>::eq
                0x0000000000042510                <rand_chacha::chacha::ChaCha20Rng as core::cmp::PartialEq>::eq
                0x0000000000042510                <rand_chacha::chacha::ChaCha12Rng as core::cmp::PartialEq>::eq
                0x0000000000042670                <rand_chacha::chacha::abstract12::ChaCha12Rng as core::convert::From<&rand_chacha::chacha::ChaCha12Rng>>::from
                0x0000000000042670                <rand_chacha::chacha::abstract20::ChaCha20Rng as core::convert::From<&rand_chacha::chacha::ChaCha20Rng>>::from
                0x0000000000042670                <rand_chacha::chacha::abstract8::ChaCha8Rng as core::convert::From<&rand_chacha::chacha::ChaCha8Rng>>::from
                0x0000000000042b00                rand_chacha::chacha::abstract8::<impl core::convert::From<&rand_chacha::chacha::abstract8::ChaCha8Rng> for rand_chacha::chacha::ChaCha8Rng>::from
                0x0000000000043460                rand_chacha::guts::refill_wide
                0x00000000000463a0                rand_chacha::guts::set_stream_param
                0x0000000000046860                rand_chacha::guts::get_stream_param
                0x0000000000046bc0                rand_chacha::guts::get_seed
                0x0000000000046da0                rand_chacha::guts::init_chacha
 *fill*         0x000000000004727d        0x3 
 .text          0x0000000000047280     0xd555 /tmp/tmp.bkq4a20L6L.o
                0x0000000000053330                entry_point
                0x0000000000054790                help
 *fill*         0x00000000000547d5        0xb 
 .text          0x00000000000547e0     0xf108 /tmp/tmp.ziuk22Xuvs.o
                0x0000000000054d80                alloc::raw_vec::RawVec<T,A>::grow_one
                0x0000000000054f90                alloc::alloc::handle_alloc_error::ct_error
                0x0000000000055000                __rdl_oom
                0x0000000000055170                <alloc::boxed::convert::<impl core::convert::From<alloc::string::String> for alloc::boxed::Box<dyn core::error::Error+core::marker::Sync+core::marker::Send>>::from::StringError as core::error::Error>::description
                0x00000000000551d0                <alloc::boxed::convert::<impl core::convert::From<alloc::string::String> for alloc::boxed::Box<dyn core::error::Error+core::marker::Sync+core::marker::Send>>::from::StringError as core::fmt::Display>::fmt
                0x0000000000055230                <alloc::boxed::convert::<impl core::convert::From<alloc::string::String> for alloc::boxed::Box<dyn core::error::Error+core::marker::Sync+core::marker::Send>>::from::StringError as core::fmt::Debug>::fmt
                0x0000000000055290                alloc::boxed::convert::<impl core::convert::From<alloc::string::String> for alloc::boxed::Box<dyn core::error::Error>>::from
                0x0000000000055410                alloc::boxed::convert::<impl core::convert::From<&str> for alloc::boxed::Box<dyn core::error::Error>>::from
                0x00000000000556a0                alloc::boxed::convert::<impl core::convert::From<alloc::borrow::Cow<str>> for alloc::boxed::Box<dyn core::error::Error+core::marker::Sync+core::marker::Send>>::from
                0x00000000000559f0                alloc::boxed::convert::<impl core::convert::From<alloc::borrow::Cow<str>> for alloc::boxed::Box<dyn core::error::Error>>::from
                0x0000000000055d40                <alloc::boxed::Box<str> as core::clone::Clone>::clone
                0x0000000000055ef0                <alloc::borrow::Cow<str> as core::ops::arith::AddAssign<&str>>::add_assign
                0x0000000000056590                <alloc::borrow::Cow<str> as core::ops::arith::AddAssign>::add_assign
                0x0000000000056c50                <alloc::collections::btree::map::UnorderedKeyError as core::fmt::Display>::fmt
                0x0000000000056cb0                <alloc::collections::btree::mem::replace::PanicGuard as core::ops::drop::Drop>::drop
                0x0000000000056cf0                <alloc::collections::TryReserveError as core::fmt::Display>::fmt
                0x0000000000056dc0                alloc::ffi::c_str::FromVecWithNulError::as_bytes
                0x0000000000056e20                <&str as alloc::ffi::c_str::CString::new::SpecNewImpl>::spec_new_impl
                0x0000000000056e20                <&[u8] as alloc::ffi::c_str::CString::new::SpecNewImpl>::spec_new_impl
                0x0000000000057220                <&mut [u8] as alloc::ffi::c_str::CString::new::SpecNewImpl>::spec_new_impl
                0x0000000000057620                alloc::ffi::c_str::CString::from_vec_unchecked
                0x0000000000057690                alloc::ffi::c_str::CString::_from_vec_unchecked
                0x0000000000057b30                alloc::ffi::c_str::CString::from_raw
                0x0000000000057b90                alloc::ffi::c_str::CString::into_string
                0x0000000000057e30                alloc::ffi::c_str::CString::into_bytes
                0x0000000000057ea0                alloc::ffi::c_str::CString::into_bytes_with_nul
                0x0000000000057ea0                <alloc::string::String as core::convert::From<alloc::boxed::Box<str>>>::from
                0x0000000000057f00                alloc::string::<impl core::convert::From<alloc::string::String> for alloc::boxed::Box<str>>::from
                0x0000000000057f00                alloc::ffi::c_str::CString::from_vec_with_nul_unchecked
                0x0000000000058110                alloc::ffi::c_str::CString::from_vec_with_nul
                0x00000000000585a0                <alloc::ffi::c_str::CString as core::fmt::Debug>::fmt
                0x0000000000058600                <alloc::ffi::c_str::CString as core::default::Default>::default
                0x00000000000586d0                alloc::ffi::c_str::<impl alloc::borrow::ToOwned for core::ffi::c_str::CStr>::to_owned
                0x00000000000586d0                alloc::ffi::c_str::<impl core::convert::From<&core::ffi::c_str::CStr> for alloc::boxed::Box<core::ffi::c_str::CStr>>::from
                0x0000000000058870                alloc::ffi::c_str::<impl core::default::Default for alloc::boxed::Box<core::ffi::c_str::CStr>>::default
                0x0000000000058940                <alloc::ffi::c_str::NulError as core::fmt::Display>::fmt
                0x00000000000589f0                <alloc::ffi::c_str::FromVecWithNulError as core::fmt::Display>::fmt
                0x0000000000058b00                <alloc::ffi::c_str::IntoStringError as core::fmt::Display>::fmt
                0x0000000000058b60                alloc::ffi::c_str::<impl alloc::borrow::ToOwned for core::ffi::c_str::CStr>::clone_into
                0x0000000000058ea0                <alloc::ffi::c_str::CString as core::convert::From<&core::ffi::c_str::CStr>>::from
                0x0000000000058ea0                alloc::ffi::c_str::<impl core::convert::From<&mut core::ffi::c_str::CStr> for alloc::boxed::Box<core::ffi::c_str::CStr>>::from
                0x0000000000059040                alloc::ffi::c_str::<impl core::ffi::c_str::CStr>::to_string_lossy
                0x00000000000590a0                alloc::ffi::c_str::CString::into_boxed_c_str
                0x00000000000590a0                alloc::ffi::c_str::<impl core::ffi::c_str::CStr>::into_c_string
                0x00000000000590c0                alloc::fmt::format::format_inner
                0x0000000000059650                alloc::rc::rc_inner_layout_for_value_layout
                0x0000000000059770                alloc::str::<impl str>::to_lowercase
                0x000000000005ba70                alloc::str::<impl str>::to_uppercase
                0x000000000005d370                alloc::string::String::from_utf8_lossy
                0x000000000005da00                alloc::string::String::from_utf8_lossy_owned
                0x000000000005dc10                alloc::string::String::from_utf16
                0x000000000005e480                alloc::string::String::from_utf16le
                0x000000000005f070                alloc::string::String::from_utf16le_lossy
                0x000000000005fcd0                alloc::string::String::from_utf16be
                0x00000000000607f0                alloc::string::String::from_utf16be_lossy
                0x00000000000611f0                alloc::string::String::into_raw_parts
                0x0000000000061250                alloc::string::String::try_reserve
                0x00000000000614e0                alloc::string::String::try_reserve_exact
                0x0000000000061750                alloc::string::String::insert_bytes
                0x0000000000061860                alloc::string::FromUtf8Error::as_bytes
                0x00000000000618c0                alloc::string::FromUtf8Error::into_utf8_lossy
                0x0000000000061eb0                <alloc::string::FromUtf8Error as core::fmt::Display>::fmt
                0x0000000000061f10                <alloc::string::FromUtf16Error as core::fmt::Display>::fmt
                0x0000000000061f70                <alloc::string::String as core::clone::Clone>::clone
                0x0000000000062120                <alloc::string::String as core::clone::Clone>::clone_from
                0x0000000000062b00                <&alloc::string::String as core::str::pattern::Pattern>::into_searcher
                0x0000000000062b70                <alloc::string::String as core::convert::From<alloc::borrow::Cow<str>>>::from
                0x0000000000063210                <alloc::string::IntoChars as core::fmt::Debug>::fmt
                0x00000000000632c0                <alloc::string::Drain as core::fmt::Debug>::fmt
                0x0000000000063370                <alloc::string::Drain as core::ops::drop::Drop>::drop
                0x00000000000634f0                alloc::string::Drain::as_str
                0x0000000000063550                <alloc::string::Drain as core::convert::AsRef<[u8]>>::as_ref
                0x0000000000063550                <alloc::string::Drain as core::convert::AsRef<str>>::as_ref
                0x00000000000635b0                <alloc::string::Drain as core::iter::traits::iterator::Iterator>::size_hint
                0x0000000000063620                alloc::sync::arcinner_layout_for_value_layout
                0x0000000000063740                <alloc::vec::Vec<u8> as core::convert::From<&str>>::from
 *fill*         0x00000000000638e8        0x8 
 .text          0x00000000000638f0    0x18615 /tmp/tmp.Bca65JMpr9.o
                0x00000000000665e0                <rustc_demangle::legacy::Demangle as core::fmt::Display>::fmt
                0x0000000000068f80                <rustc_demangle::v0::Demangle as core::fmt::Display>::fmt
                0x0000000000069010                <rustc_demangle::v0::Ident as core::fmt::Display>::fmt
                0x0000000000078bf0                rustc_demangle::demangle
                0x000000000007b7b0                rustc_demangle::try_demangle
                0x000000000007b880                <rustc_demangle::DemangleStyle as core::fmt::Display>::fmt
                0x000000000007ba40                <rustc_demangle::Demangle as core::fmt::Display>::fmt
                0x000000000007be50                <rustc_demangle::Demangle as core::fmt::Debug>::fmt
 *fill*         0x000000000007bf05        0xb 
 .text          0x000000000007bf10    0x1f0b7 /tmp/tmp.Xyp64KZsDb.o
                0x000000000007c950                compiler_builtins::float::conv::int_to_float::u32_to_f128_bits
                0x000000000007ca10                compiler_builtins::float::conv::int_to_float::u64_to_f128_bits
                0x000000000007cae0                compiler_builtins::float::conv::int_to_float::u128_to_f128_bits
                0x000000000007cbf0                <compiler_builtins::int::big::u256 as core::ops::bit::Shr<u32>>::shr
                0x000000000007d060                compiler_builtins::int::big::<impl compiler_builtins::int::HInt for u128>::zero_widen_mul
                0x000000000007d060                compiler_builtins::int::big::<impl compiler_builtins::int::HInt for i128>::zero_widen_mul
                0x000000000007d060                compiler_builtins::int::big::<impl compiler_builtins::int::HInt for u128>::widen_mul
                0x000000000007d210                compiler_builtins::int::big::<impl compiler_builtins::int::HInt for i128>::widen_mul
                0x000000000007d250                compiler_builtins::int::big::<impl compiler_builtins::int::HInt for i128>::widen_hi
                0x000000000007d250                compiler_builtins::int::big::<impl compiler_builtins::int::HInt for u128>::widen_hi
                0x000000000007d290                <compiler_builtins::int::big::u256 as compiler_builtins::int::DInt>::lo
                0x000000000007d290                <compiler_builtins::int::big::i256 as compiler_builtins::int::DInt>::lo
                0x000000000007d2f0                <compiler_builtins::int::big::i256 as compiler_builtins::int::DInt>::hi
                0x000000000007d2f0                <compiler_builtins::int::big::u256 as compiler_builtins::int::DInt>::hi
                0x000000000007da30                compiler_builtins::float::add::__addsf3
                0x000000000007e260                __addsf3
                0x000000000007e2c0                compiler_builtins::float::add::__adddf3
                0x000000000007eb60                __adddf3
                0x000000000007ebd0                __addtf3
                0x000000000007ec30                compiler_builtins::float::cmp::__gtsf2
                0x000000000007ec30                compiler_builtins::float::cmp::__gesf2
                0x000000000007ee20                __gesf2
                0x000000000007ee20                __gtsf2
                0x000000000007f010                compiler_builtins::float::cmp::__unordsf2
                0x000000000007f080                __unordsf2
                0x000000000007f0f0                compiler_builtins::float::cmp::__lesf2
                0x000000000007f0f0                compiler_builtins::float::cmp::__nesf2
                0x000000000007f0f0                compiler_builtins::float::cmp::__ltsf2
                0x000000000007f0f0                compiler_builtins::float::cmp::__eqsf2
                0x000000000007f2e0                __lesf2
                0x000000000007f2e0                __ltsf2
                0x000000000007f2e0                __eqsf2
                0x000000000007f2e0                __nesf2
                0x000000000007f4d0                compiler_builtins::float::cmp::__gedf2
                0x000000000007f4d0                compiler_builtins::float::cmp::__gtdf2
                0x000000000007f6c0                __gtdf2
                0x000000000007f6c0                __gedf2
                0x000000000007f8b0                compiler_builtins::float::cmp::__unorddf2
                0x000000000007f930                __unorddf2
                0x000000000007f9b0                compiler_builtins::float::cmp::__eqdf2
                0x000000000007f9b0                compiler_builtins::float::cmp::__ledf2
                0x000000000007f9b0                compiler_builtins::float::cmp::__nedf2
                0x000000000007f9b0                compiler_builtins::float::cmp::__ltdf2
                0x000000000007fba0                __ltdf2
                0x000000000007fba0                __ledf2
                0x000000000007fba0                __nedf2
                0x000000000007fba0                __eqdf2
                0x000000000007fd90                __gttf2
                0x000000000007fd90                __getf2
                0x000000000007ffb0                __unordtf2
                0x0000000000080040                __letf2
                0x0000000000080040                __lttf2
                0x0000000000080040                __netf2
                0x0000000000080040                __eqtf2
                0x0000000000080270                compiler_builtins::float::conv::__floatunsisf
                0x0000000000080330                __floatunsisf
                0x00000000000803f0                compiler_builtins::float::conv::__floatunsidf
                0x00000000000804b0                __floatunsidf
                0x0000000000080570                compiler_builtins::float::conv::__floatundisf
                0x0000000000080610                __floatundisf
                0x00000000000806b0                compiler_builtins::float::conv::__floatundidf
                0x0000000000080790                __floatundidf
                0x0000000000080870                compiler_builtins::float::conv::__floatuntisf
                0x0000000000080950                __floatuntisf
                0x0000000000080a30                compiler_builtins::float::conv::__floatuntidf
                0x0000000000080b10                __floatuntidf
                0x0000000000080bf0                __floatunsitf
                0x0000000000080cc0                __floatunditf
                0x0000000000080da0                __floatuntitf
                0x0000000000080ec0                compiler_builtins::float::conv::__floatsisf
                0x0000000000080fc0                __floatsisf
                0x00000000000810c0                compiler_builtins::float::conv::__floatsidf
                0x00000000000811b0                __floatsidf
                0x00000000000812a0                compiler_builtins::float::conv::__floatdisf
                0x0000000000081360                __floatdisf
                0x0000000000081420                compiler_builtins::float::conv::__floatdidf
                0x0000000000081540                __floatdidf
                0x0000000000081660                compiler_builtins::float::conv::__floattisf
                0x0000000000081760                __floattisf
                0x0000000000081860                compiler_builtins::float::conv::__floattidf
                0x0000000000081960                __floattidf
                0x0000000000081a60                __floatsitf
                0x0000000000081b70                __floatditf
                0x0000000000081ca0                __floattitf
                0x0000000000081e00                compiler_builtins::float::conv::__fixunssfsi
                0x0000000000081f10                __fixunssfsi
                0x0000000000082020                compiler_builtins::float::conv::__fixunssfdi
                0x0000000000082140                __fixunssfdi
                0x0000000000082260                compiler_builtins::float::conv::__fixunssfti
                0x00000000000823b0                __fixunssfti
                0x0000000000082500                compiler_builtins::float::conv::__fixunsdfsi
                0x0000000000082630                __fixunsdfsi
                0x0000000000082760                compiler_builtins::float::conv::__fixunsdfdi
                0x0000000000082890                __fixunsdfdi
                0x00000000000829c0                compiler_builtins::float::conv::__fixunsdfti
                0x0000000000082b10                __fixunsdfti
                0x0000000000082c60                __fixunstfsi
                0x0000000000082da0                __fixunstfdi
                0x0000000000082ee0                __fixunstfti
                0x0000000000083050                compiler_builtins::float::conv::__fixsfsi
                0x00000000000831c0                __fixsfsi
                0x0000000000083330                compiler_builtins::float::conv::__fixsfdi
                0x00000000000834a0                __fixsfdi
                0x0000000000083610                compiler_builtins::float::conv::__fixsfti
                0x00000000000837c0                __fixsfti
                0x0000000000083970                compiler_builtins::float::conv::__fixdfsi
                0x0000000000083b00                __fixdfsi
                0x0000000000083c90                compiler_builtins::float::conv::__fixdfdi
                0x0000000000083e40                __fixdfdi
                0x0000000000083ff0                compiler_builtins::float::conv::__fixdfti
                0x00000000000841d0                __fixdfti
                0x00000000000843b0                __fixtfsi
                0x0000000000084560                __fixtfdi
                0x0000000000084720                __fixtfti
                0x0000000000084910                compiler_builtins::float::div::__divsf3
                0x0000000000085020                __divsf3
                0x0000000000085080                compiler_builtins::float::div::__divdf3
                0x0000000000085830                __divdf3
                0x00000000000858a0                __divtf3
                0x0000000000086550                compiler_builtins::float::extend::__extendsfdf2
                0x0000000000086750                __extendsfdf2
                0x0000000000086950                __gnu_h2f_ieee
                0x0000000000086950                __extendhfsf2
                0x0000000000086b40                __extendhftf2
                0x0000000000086d40                __extendsftf2
                0x0000000000086f30                __extenddftf2
                0x0000000000087160                compiler_builtins::float::mul::__mulsf3
                0x0000000000087910                __mulsf3
                0x0000000000087970                compiler_builtins::float::mul::__muldf3
                0x00000000000881f0                __muldf3
                0x0000000000088260                __multf3
                0x0000000000088da0                compiler_builtins::float::pow::__powisf2
                0x0000000000088ee0                __powisf2
                0x0000000000089020                compiler_builtins::float::pow::__powidf2
                0x0000000000089150                __powidf2
                0x0000000000089280                __powitf2
                0x00000000000893c0                compiler_builtins::float::sub::__subsf3
                0x0000000000089430                __subsf3
                0x00000000000894a0                compiler_builtins::float::sub::__subdf3
                0x0000000000089510                __subdf3
                0x0000000000089580                __subtf3
                0x00000000000895f0                compiler_builtins::float::trunc::__truncdfsf2
                0x0000000000089a10                __truncdfsf2
                0x0000000000089e30                __gnu_f2h_ieee
                0x0000000000089e30                __truncsfhf2
                0x000000000008a1d0                __truncdfhf2
                0x000000000008a5d0                __trunctfhf2
                0x000000000008aa30                __trunctfsf2
                0x000000000008aea0                __trunctfdf2
                0x000000000008b310                <f16 as compiler_builtins::float::Float>::normalize
                0x000000000008b380                <f32 as compiler_builtins::float::Float>::normalize
                0x000000000008b3f0                <f64 as compiler_builtins::float::Float>::normalize
                0x000000000008b460                <f128 as compiler_builtins::float::Float>::normalize
                0x000000000008b500                compiler_builtins::int::addsub::__rust_i128_add
                0x000000000008b500                compiler_builtins::int::addsub::__rust_u128_add
                0x000000000008b570                __rust_u128_add
                0x000000000008b570                __rust_i128_add
                0x000000000008b5e0                compiler_builtins::int::addsub::__rust_i128_addo
                0x000000000008b670                __rust_i128_addo
                0x000000000008b700                compiler_builtins::int::addsub::__rust_u128_addo
                0x000000000008b780                __rust_u128_addo
                0x000000000008b800                compiler_builtins::int::addsub::__rust_u128_sub
                0x000000000008b800                compiler_builtins::int::addsub::__rust_i128_sub
                0x000000000008b870                __rust_u128_sub
                0x000000000008b870                __rust_i128_sub
                0x000000000008b8e0                compiler_builtins::int::addsub::__rust_i128_subo
                0x000000000008b970                __rust_i128_subo
                0x000000000008ba00                compiler_builtins::int::addsub::__rust_u128_subo
                0x000000000008ba80                __rust_u128_subo
                0x000000000008bb00                <compiler_builtins::int::big::i256 as core::ops::bit::Shl<u32>>::shl
                0x000000000008bb00                <compiler_builtins::int::big::u256 as core::ops::bit::Shl<u32>>::shl
                0x000000000008bb40                compiler_builtins::int::bswap::__bswapsi2
                0x000000000008bb80                __bswapsi2
                0x000000000008bbc0                compiler_builtins::int::bswap::__bswapdi2
                0x000000000008bc10                __bswapdi2
                0x000000000008bc60                compiler_builtins::int::bswap::__bswapti2
                0x000000000008bcc0                __bswapti2
                0x000000000008bd20                compiler_builtins::int::leading_zeros::__clzsi2
                0x000000000008bdd0                __clzsi2
                0x000000000008be80                compiler_builtins::int::leading_zeros::__clzdi2
                0x000000000008bf50                __clzdi2
                0x000000000008c020                compiler_builtins::int::leading_zeros::__clzti2
                0x000000000008c200                __clzti2
                0x000000000008c260                compiler_builtins::int::mul::__muldi3
                0x000000000008c300                __muldi3
                0x000000000008c3a0                compiler_builtins::int::mul::__multi3
                0x000000000008c450                __multi3
                0x000000000008c500                compiler_builtins::int::mul::__mulosi4
                0x000000000008c750                __mulosi4
                0x000000000008c9a0                compiler_builtins::int::mul::__mulodi4
                0x000000000008cbc0                __mulodi4
                0x000000000008cde0                __rust_i128_mulo
                0x000000000008cde0                __muloti4
                0x000000000008d050                compiler_builtins::int::mul::__rust_i128_mulo
                0x000000000008d050                compiler_builtins::int::mul::__muloti4
                0x000000000008d2c0                compiler_builtins::int::mul::__rust_u128_mulo
                0x000000000008d430                __rust_u128_mulo
                0x000000000008d5a0                compiler_builtins::int::sdiv::__divmodsi4
                0x000000000008ddb0                __divmodsi4
                0x000000000008de10                compiler_builtins::int::sdiv::__divsi3
                0x000000000008e1c0                __divsi3
                0x000000000008e570                compiler_builtins::int::sdiv::__modsi3
                0x000000000008ec60                __modsi3
                0x000000000008ecc0                compiler_builtins::int::sdiv::__divmoddi4
                0x000000000008f510                __divmoddi4
                0x000000000008f570                compiler_builtins::int::sdiv::__divdi3
                0x000000000008f940                __divdi3
                0x000000000008fd10                compiler_builtins::int::sdiv::__moddi3
                0x0000000000090420                __moddi3
                0x0000000000090480                compiler_builtins::int::sdiv::__divmodti4
                0x00000000000909a0                __divmodti4
                0x0000000000090a20                compiler_builtins::int::sdiv::__divti3
                0x0000000000090c70                __divti3
                0x0000000000090ec0                compiler_builtins::int::sdiv::__modti3
                0x0000000000091330                __modti3
                0x00000000000913b0                compiler_builtins::int::shift::__ashlsi3
                0x00000000000914d0                __ashlsi3
                0x00000000000915f0                compiler_builtins::int::shift::__ashldi3
                0x00000000000916f0                __ashldi3
                0x00000000000917f0                compiler_builtins::int::shift::__ashlti3
                0x00000000000918f0                __ashlti3
                0x00000000000919f0                compiler_builtins::int::shift::__ashrsi3
                0x0000000000091b20                __ashrsi3
                0x0000000000091c50                compiler_builtins::int::shift::__ashrdi3
                0x0000000000091d70                __ashrdi3
                0x0000000000091e90                compiler_builtins::int::shift::__ashrti3
                0x0000000000091f90                __ashrti3
                0x0000000000092090                compiler_builtins::int::shift::__lshrsi3
                0x00000000000921b0                __lshrsi3
                0x00000000000922d0                compiler_builtins::int::shift::__lshrdi3
                0x00000000000923d0                __lshrdi3
                0x00000000000924d0                compiler_builtins::int::shift::__lshrti3
                0x00000000000925d0                __lshrti3
                0x00000000000926d0                compiler_builtins::int::trailing_zeros::__ctzsi2
                0x0000000000092780                __ctzsi2
                0x0000000000092830                compiler_builtins::int::trailing_zeros::__ctzdi2
                0x00000000000928f0                __ctzdi2
                0x00000000000929b0                compiler_builtins::int::trailing_zeros::__ctzti2
                0x0000000000092b60                __ctzti2
                0x0000000000092bc0                compiler_builtins::int::udiv::__udivsi3
                0x0000000000092f00                __udivsi3
                0x0000000000093240                compiler_builtins::int::udiv::__umodsi3
                0x0000000000093550                __umodsi3
                0x0000000000093860                compiler_builtins::int::udiv::__udivmodsi4
                0x0000000000093be0                __udivmodsi4
                0x0000000000093f60                compiler_builtins::int::udiv::__udivdi3
                0x00000000000942c0                __udivdi3
                0x0000000000094620                compiler_builtins::int::udiv::__umoddi3
                0x0000000000094940                __umoddi3
                0x0000000000094c60                compiler_builtins::int::udiv::__udivmoddi4
                0x0000000000095020                __udivmoddi4
                0x00000000000953e0                compiler_builtins::int::udiv::__udivti3
                0x00000000000955a0                __udivti3
                0x0000000000095760                compiler_builtins::int::udiv::__umodti3
                0x0000000000095920                __umodti3
                0x0000000000095ae0                compiler_builtins::int::udiv::__udivmodti4
                0x0000000000095d00                __udivmodti4
                0x0000000000095f20                <u8 as compiler_builtins::int::Int>::abs_diff
                0x0000000000095f80                <u8 as compiler_builtins::int::Int>::ilog2
                0x0000000000096020                <u8 as compiler_builtins::int::Int>::rotate_left
                0x0000000000096020                <i8 as compiler_builtins::int::Int>::rotate_left
                0x0000000000096070                <i8 as compiler_builtins::int::Int>::leading_zeros
                0x0000000000096070                <u8 as compiler_builtins::int::Int>::leading_zeros
                0x00000000000960d0                <i8 as compiler_builtins::int::Int>::ilog2
                0x0000000000096170                <u16 as compiler_builtins::int::Int>::ilog2
                0x0000000000096210                <i16 as compiler_builtins::int::Int>::rotate_left
                0x0000000000096210                <u16 as compiler_builtins::int::Int>::rotate_left
                0x0000000000096260                <i16 as compiler_builtins::int::Int>::leading_zeros
                0x0000000000096260                <u16 as compiler_builtins::int::Int>::leading_zeros
                0x00000000000962c0                <i16 as compiler_builtins::int::Int>::ilog2
                0x0000000000096360                <u32 as compiler_builtins::int::Int>::ilog2
                0x0000000000096400                <i32 as compiler_builtins::int::Int>::rotate_left
                0x0000000000096400                <u32 as compiler_builtins::int::Int>::rotate_left
                0x0000000000096450                <u32 as compiler_builtins::int::Int>::leading_zeros
                0x0000000000096450                <i32 as compiler_builtins::int::Int>::leading_zeros
                0x00000000000964a0                <i32 as compiler_builtins::int::Int>::ilog2
                0x0000000000096540                <u64 as compiler_builtins::int::Int>::ilog2
                0x0000000000096540                <usize as compiler_builtins::int::Int>::ilog2
                0x00000000000965e0                <i64 as compiler_builtins::int::Int>::rotate_left
                0x00000000000965e0                <isize as compiler_builtins::int::Int>::rotate_left
                0x00000000000965e0                <usize as compiler_builtins::int::Int>::rotate_left
                0x00000000000965e0                <u64 as compiler_builtins::int::Int>::rotate_left
                0x0000000000096630                <isize as compiler_builtins::int::Int>::leading_zeros
                0x0000000000096630                <i64 as compiler_builtins::int::Int>::leading_zeros
                0x0000000000096630                <u64 as compiler_builtins::int::Int>::leading_zeros
                0x0000000000096630                <usize as compiler_builtins::int::Int>::leading_zeros
                0x0000000000096690                <isize as compiler_builtins::int::Int>::ilog2
                0x0000000000096690                <i64 as compiler_builtins::int::Int>::ilog2
                0x0000000000096730                <u128 as compiler_builtins::int::Int>::ilog2
                0x0000000000096810                <u128 as compiler_builtins::int::Int>::rotate_left
                0x0000000000096810                <i128 as compiler_builtins::int::Int>::rotate_left
                0x0000000000096890                <i128 as compiler_builtins::int::Int>::leading_zeros
                0x0000000000096890                <u128 as compiler_builtins::int::Int>::leading_zeros
                0x0000000000096900                <i128 as compiler_builtins::int::Int>::ilog2
                0x00000000000969e0                compiler_builtins::mem::memcpy
                0x0000000000096a60                compiler_builtins::mem::memmove
                0x0000000000096ba0                compiler_builtins::mem::memset
                0x0000000000096c30                compiler_builtins::mem::memcmp
                0x0000000000097020                compiler_builtins::mem::bcmp
                0x0000000000097410                compiler_builtins::mem::strlen
                0x0000000000097690                compiler_builtins::mem::__llvm_memcpy_element_unordered_atomic_1
                0x0000000000097870                __llvm_memcpy_element_unordered_atomic_1
                0x0000000000097a50                compiler_builtins::mem::__llvm_memcpy_element_unordered_atomic_2
                0x0000000000097c40                __llvm_memcpy_element_unordered_atomic_2
                0x0000000000097e30                compiler_builtins::mem::__llvm_memcpy_element_unordered_atomic_4
                0x0000000000098020                __llvm_memcpy_element_unordered_atomic_4
                0x0000000000098210                compiler_builtins::mem::__llvm_memcpy_element_unordered_atomic_8
                0x0000000000098400                __llvm_memcpy_element_unordered_atomic_8
                0x00000000000985f0                compiler_builtins::mem::__llvm_memmove_element_unordered_atomic_1
                0x0000000000098930                __llvm_memmove_element_unordered_atomic_1
                0x0000000000098c70                compiler_builtins::mem::__llvm_memmove_element_unordered_atomic_2
                0x0000000000098fd0                __llvm_memmove_element_unordered_atomic_2
                0x0000000000099330                compiler_builtins::mem::__llvm_memmove_element_unordered_atomic_4
                0x0000000000099680                __llvm_memmove_element_unordered_atomic_4
                0x00000000000999d0                compiler_builtins::mem::__llvm_memmove_element_unordered_atomic_8
                0x0000000000099d20                __llvm_memmove_element_unordered_atomic_8
                0x000000000009a070                compiler_builtins::mem::__llvm_memset_element_unordered_atomic_1
                0x000000000009a240                __llvm_memset_element_unordered_atomic_1
                0x000000000009a410                compiler_builtins::mem::__llvm_memset_element_unordered_atomic_2
                0x000000000009a610                __llvm_memset_element_unordered_atomic_2
                0x000000000009a810                compiler_builtins::mem::__llvm_memset_element_unordered_atomic_4
                0x000000000009aa00                __llvm_memset_element_unordered_atomic_4
                0x000000000009abf0                compiler_builtins::mem::__llvm_memset_element_unordered_atomic_8
                0x000000000009ade0                __llvm_memset_element_unordered_atomic_8
 *fill*         0x000000000009afc7        0x9 
 .text          0x000000000009afd0    0x25011 /tmp/tmp.5p2wmg8s0G.o
                0x000000000009b670                std::io::error::Error::new
                0x00000000000a2c10                alloc::raw_vec::RawVec<T,A>::grow_one
                0x00000000000a3690                serde_json::de::ParserNumber::invalid_type
                0x00000000000a5110                serde_json::de::<impl core::str::traits::FromStr for serde_json::number::Number>::from_str
                0x00000000000a5a50                serde_json::error::Error::io_error_kind
                0x00000000000a5ca0                serde_json::error::<impl core::convert::From<serde_json::error::Error> for std::io::error::Error>::from
                0x00000000000a5db0                <serde_json::error::ErrorCode as core::fmt::Display>::fmt
                0x00000000000a6450                <serde_json::error::Error as core::error::Error>::source
                0x00000000000a64f0                <serde_json::error::Error as core::fmt::Display>::fmt
                0x00000000000a6640                <serde_json::error::ErrorImpl as core::fmt::Display>::fmt
                0x00000000000a6790                <serde_json::error::Error as core::fmt::Debug>::fmt
                0x00000000000a6b40                <serde_json::error::JsonUnexpected as core::fmt::Display>::fmt
                0x00000000000a6dd0                serde_json::error::make_error
                0x00000000000a8c10                <<serde_json::map::Map<alloc::string::String,serde_json::value::Value> as serde::de::Deserialize>::deserialize::Visitor as serde::de::Visitor>::expecting
                0x00000000000a8c70                serde_json::map::Entry::key
                0x00000000000a8d00                serde_json::map::Entry::or_insert
                0x00000000000a95e0                serde_json::ser::key_must_be_a_string
                0x00000000000a95e0                serde_json::value::ser::key_must_be_a_string
                0x00000000000a9640                serde_json::ser::float_key_must_be_finite
                0x00000000000a96a0                <serde_json::value::Value as core::fmt::Debug>::fmt
                0x00000000000a9b70                <serde_json::value::Value as core::fmt::Display>::fmt
                0x00000000000a9d90                <<serde_json::value::Value as core::fmt::Display>::fmt::WriterFormatter as std::io::Write>::write
                0x00000000000a9e50                serde_json::value::Value::pointer
                0x00000000000aa900                serde_json::value::Value::pointer_mut
                0x00000000000af600                <serde_json::value::de::<impl serde::de::Deserialize for serde_json::value::Value>::deserialize::ValueVisitor as serde::de::Visitor>::expecting
                0x00000000000af660                serde_json::value::de::<impl core::str::traits::FromStr for serde_json::value::Value>::from_str
                0x00000000000afb90                <serde_json::value::de::VariantDeserializer as serde::de::VariantAccess>::unit_variant
                0x00000000000afcc0                serde_json::value::de::SeqDeserializer::new
                0x00000000000afd30                <serde_json::value::de::SeqDeserializer as serde::de::SeqAccess>::size_hint
                0x00000000000afd90                serde_json::value::de::MapDeserializer::new
                0x00000000000afe30                <serde_json::value::de::VariantRefDeserializer as serde::de::VariantAccess>::unit_variant
                0x00000000000aff30                <serde_json::value::de::SeqRefDeserializer as serde::de::SeqAccess>::size_hint
                0x00000000000aff90                <serde_json::value::de::KeyClassifier as serde::de::Visitor>::expecting
                0x00000000000afff0                serde_json::value::from::<impl core::convert::From<f32> for serde_json::value::Value>::from
                0x00000000000b0140                serde_json::value::from::<impl core::convert::From<f64> for serde_json::value::Value>::from
                0x00000000000b02a0                serde_json::value::from::<impl core::convert::From<&str> for serde_json::value::Value>::from
                0x00000000000b0450                serde_json::value::from::<impl core::convert::From<alloc::borrow::Cow<str>> for serde_json::value::Value>::from
                0x00000000000b0680                <usize as serde_json::value::index::Index>::index_or_insert